REFTEST TEST-UNEXPECTED-FAIL | firefox-intelisa-eq-page23 | image comparison (==)
REFTEST   IMAGE 1 (TEST)(816x1056x1): test_snapshots/win32/firefox/intelisa-eq/23.png
REFTEST   IMAGE 2 (REFERENCE)(816x1056x1): https://raw.githubusercontent.com/mozilla/pdf.js.refs/7788e398870dd21da5ae181a966c94e67ab22b38/win32/firefox/intelisa-eq/23.png
REFTEST TEST-UNEXPECTED-FAIL | firefox-intelisa-eq-page29 | image comparison (==)
REFTEST   IMAGE 1 (TEST)(816x1056x1): test_snapshots/win32/firefox/intelisa-eq/29.png
REFTEST   IMAGE 2 (REFERENCE)(816x1056x1): https://raw.githubusercontent.com/mozilla/pdf.js.refs/7788e398870dd21da5ae181a966c94e67ab22b38/win32/firefox/intelisa-eq/29.png
REFTEST TEST-UNEXPECTED-FAIL | firefox-intelisa-eq-page30 | image comparison (==)
REFTEST   IMAGE 1 (TEST)(816x1056x1): test_snapshots/win32/firefox/intelisa-eq/30.png
REFTEST   IMAGE 2 (REFERENCE)(816x1056x1): https://raw.githubusercontent.com/mozilla/pdf.js.refs/7788e398870dd21da5ae181a966c94e67ab22b38/win32/firefox/intelisa-eq/30.png
REFTEST TEST-UNEXPECTED-FAIL | firefox-intelisa-eq-page32 | image comparison (==)
REFTEST   IMAGE 1 (TEST)(816x1056x1): test_snapshots/win32/firefox/intelisa-eq/32.png
REFTEST   IMAGE 2 (REFERENCE)(816x1056x1): https://raw.githubusercontent.com/mozilla/pdf.js.refs/7788e398870dd21da5ae181a966c94e67ab22b38/win32/firefox/intelisa-eq/32.png
REFTEST TEST-UNEXPECTED-FAIL | firefox-intelisa-eq-page33 | image comparison (==)
REFTEST   IMAGE 1 (TEST)(816x1056x1): test_snapshots/win32/firefox/intelisa-eq/33.png
REFTEST   IMAGE 2 (REFERENCE)(816x1056x1): https://raw.githubusercontent.com/mozilla/pdf.js.refs/7788e398870dd21da5ae181a966c94e67ab22b38/win32/firefox/intelisa-eq/33.png
REFTEST TEST-UNEXPECTED-FAIL | firefox-intelisa-eq-page34 | image comparison (==)
REFTEST   IMAGE 1 (TEST)(816x1056x1): test_snapshots/win32/firefox/intelisa-eq/34.png
REFTEST   IMAGE 2 (REFERENCE)(816x1056x1): https://raw.githubusercontent.com/mozilla/pdf.js.refs/7788e398870dd21da5ae181a966c94e67ab22b38/win32/firefox/intelisa-eq/34.png
REFTEST TEST-UNEXPECTED-FAIL | firefox-intelisa-eq-page35 | image comparison (==)
REFTEST   IMAGE 1 (TEST)(816x1056x1): test_snapshots/win32/firefox/intelisa-eq/35.png
REFTEST   IMAGE 2 (REFERENCE)(816x1056x1): https://raw.githubusercontent.com/mozilla/pdf.js.refs/7788e398870dd21da5ae181a966c94e67ab22b38/win32/firefox/intelisa-eq/35.png
REFTEST TEST-UNEXPECTED-FAIL | firefox-intelisa-eq-page59 | image comparison (==)
REFTEST   IMAGE 1 (TEST)(816x1056x1): test_snapshots/win32/firefox/intelisa-eq/59.png
REFTEST   IMAGE 2 (REFERENCE)(816x1056x1): https://raw.githubusercontent.com/mozilla/pdf.js.refs/7788e398870dd21da5ae181a966c94e67ab22b38/win32/firefox/intelisa-eq/59.png
REFTEST TEST-UNEXPECTED-FAIL | firefox-intelisa-eq-page62 | image comparison (==)
REFTEST   IMAGE 1 (TEST)(816x1056x1): test_snapshots/win32/firefox/intelisa-eq/62.png
REFTEST   IMAGE 2 (REFERENCE)(816x1056x1): https://raw.githubusercontent.com/mozilla/pdf.js.refs/7788e398870dd21da5ae181a966c94e67ab22b38/win32/firefox/intelisa-eq/62.png
REFTEST TEST-UNEXPECTED-FAIL | firefox-intelisa-eq-page79 | image comparison (==)
REFTEST   IMAGE 1 (TEST)(816x1056x1): test_snapshots/win32/firefox/intelisa-eq/79.png
REFTEST   IMAGE 2 (REFERENCE)(816x1056x1): https://raw.githubusercontent.com/mozilla/pdf.js.refs/7788e398870dd21da5ae181a966c94e67ab22b38/win32/firefox/intelisa-eq/79.png
REFTEST TEST-UNEXPECTED-FAIL | firefox-intelisa-eq-page81 | image comparison (==)
REFTEST   IMAGE 1 (TEST)(816x1056x1): test_snapshots/win32/firefox/intelisa-eq/81.png
REFTEST   IMAGE 2 (REFERENCE)(816x1056x1): https://raw.githubusercontent.com/mozilla/pdf.js.refs/7788e398870dd21da5ae181a966c94e67ab22b38/win32/firefox/intelisa-eq/81.png
REFTEST TEST-UNEXPECTED-FAIL | firefox-issue4914-page1 | image comparison (==)
REFTEST   IMAGE 1 (TEST)(816x1056x1): test_snapshots/win32/firefox/issue4914/1.png
REFTEST   IMAGE 2 (REFERENCE)(816x1056x1): https://raw.githubusercontent.com/mozilla/pdf.js.refs/7788e398870dd21da5ae181a966c94e67ab22b38/win32/firefox/issue4914/1.png
REFTEST TEST-UNEXPECTED-FAIL | firefox-artofwar-partial-page4 | image comparison (==)
REFTEST   IMAGE 1 (TEST)(816x1056x1): test_snapshots/win32/firefox/artofwar-partial/4.png
REFTEST   IMAGE 2 (REFERENCE)(816x1056x1): https://raw.githubusercontent.com/mozilla/pdf.js.refs/7788e398870dd21da5ae181a966c94e67ab22b38/win32/firefox/artofwar-partial/4.png
REFTEST TEST-UNEXPECTED-FAIL | firefox-artofwar-partial-page5 | image comparison (==)
REFTEST   IMAGE 1 (TEST)(816x1056x1): test_snapshots/win32/firefox/artofwar-partial/5.png
REFTEST   IMAGE 2 (REFERENCE)(816x1056x1): https://raw.githubusercontent.com/mozilla/pdf.js.refs/7788e398870dd21da5ae181a966c94e67ab22b38/win32/firefox/artofwar-partial/5.png
REFTEST TEST-UNEXPECTED-FAIL | firefox-artofwar-partial-page6 | image comparison (==)
REFTEST   IMAGE 1 (TEST)(816x1056x1): test_snapshots/win32/firefox/artofwar-partial/6.png
REFTEST   IMAGE 2 (REFERENCE)(816x1056x1): https://raw.githubusercontent.com/mozilla/pdf.js.refs/7788e398870dd21da5ae181a966c94e67ab22b38/win32/firefox/artofwar-partial/6.png
REFTEST TEST-UNEXPECTED-FAIL | firefox-artofwar-partial-page7 | image comparison (==)
REFTEST   IMAGE 1 (TEST)(816x1056x1): test_snapshots/win32/firefox/artofwar-partial/7.png
REFTEST   IMAGE 2 (REFERENCE)(816x1056x1): https://raw.githubusercontent.com/mozilla/pdf.js.refs/7788e398870dd21da5ae181a966c94e67ab22b38/win32/firefox/artofwar-partial/7.png
REFTEST TEST-UNEXPECTED-FAIL | firefox-artofwar-partial-page8 | image comparison (==)
REFTEST   IMAGE 1 (TEST)(816x1056x1): test_snapshots/win32/firefox/artofwar-partial/8.png
REFTEST   IMAGE 2 (REFERENCE)(816x1056x1): https://raw.githubusercontent.com/mozilla/pdf.js.refs/7788e398870dd21da5ae181a966c94e67ab22b38/win32/firefox/artofwar-partial/8.png
REFTEST TEST-UNEXPECTED-FAIL | firefox-artofwar-partial-page9 | image comparison (==)
REFTEST   IMAGE 1 (TEST)(816x1056x1): test_snapshots/win32/firefox/artofwar-partial/9.png
REFTEST   IMAGE 2 (REFERENCE)(816x1056x1): https://raw.githubusercontent.com/mozilla/pdf.js.refs/7788e398870dd21da5ae181a966c94e67ab22b38/win32/firefox/artofwar-partial/9.png
REFTEST TEST-UNEXPECTED-FAIL | firefox-artofwar-partial-page10 | image comparison (==)
REFTEST   IMAGE 1 (TEST)(816x1056x1): test_snapshots/win32/firefox/artofwar-partial/10.png
REFTEST   IMAGE 2 (REFERENCE)(816x1056x1): https://raw.githubusercontent.com/mozilla/pdf.js.refs/7788e398870dd21da5ae181a966c94e67ab22b38/win32/firefox/artofwar-partial/10.png
REFTEST TEST-UNEXPECTED-FAIL | firefox-artofwar-partial-page11 | image comparison (==)
REFTEST   IMAGE 1 (TEST)(816x1056x1): test_snapshots/win32/firefox/artofwar-partial/11.png
REFTEST   IMAGE 2 (REFERENCE)(816x1056x1): https://raw.githubusercontent.com/mozilla/pdf.js.refs/7788e398870dd21da5ae181a966c94e67ab22b38/win32/firefox/artofwar-partial/11.png
REFTEST TEST-UNEXPECTED-FAIL | firefox-artofwar-partial-page12 | image comparison (==)
REFTEST   IMAGE 1 (TEST)(816x1056x1): test_snapshots/win32/firefox/artofwar-partial/12.png
REFTEST   IMAGE 2 (REFERENCE)(816x1056x1): https://raw.githubusercontent.com/mozilla/pdf.js.refs/7788e398870dd21da5ae181a966c94e67ab22b38/win32/firefox/artofwar-partial/12.png
REFTEST TEST-UNEXPECTED-FAIL | firefox-artofwar-partial-page13 | image comparison (==)
REFTEST   IMAGE 1 (TEST)(816x1056x1): test_snapshots/win32/firefox/artofwar-partial/13.png
REFTEST   IMAGE 2 (REFERENCE)(816x1056x1): https://raw.githubusercontent.com/mozilla/pdf.js.refs/7788e398870dd21da5ae181a966c94e67ab22b38/win32/firefox/artofwar-partial/13.png
REFTEST TEST-UNEXPECTED-FAIL | firefox-artofwar-partial-page15 | image comparison (==)
REFTEST   IMAGE 1 (TEST)(816x1056x1): test_snapshots/win32/firefox/artofwar-partial/15.png
REFTEST   IMAGE 2 (REFERENCE)(816x1056x1): https://raw.githubusercontent.com/mozilla/pdf.js.refs/7788e398870dd21da5ae181a966c94e67ab22b38/win32/firefox/artofwar-partial/15.png
REFTEST TEST-UNEXPECTED-FAIL | firefox-artofwar-partial-page16 | image comparison (==)
REFTEST   IMAGE 1 (TEST)(816x1056x1): test_snapshots/win32/firefox/artofwar-partial/16.png
REFTEST   IMAGE 2 (REFERENCE)(816x1056x1): https://raw.githubusercontent.com/mozilla/pdf.js.refs/7788e398870dd21da5ae181a966c94e67ab22b38/win32/firefox/artofwar-partial/16.png
REFTEST TEST-UNEXPECTED-FAIL | firefox-artofwar-partial-page17 | image comparison (==)
REFTEST   IMAGE 1 (TEST)(816x1056x1): test_snapshots/win32/firefox/artofwar-partial/17.png
REFTEST   IMAGE 2 (REFERENCE)(816x1056x1): https://raw.githubusercontent.com/mozilla/pdf.js.refs/7788e398870dd21da5ae181a966c94e67ab22b38/win32/firefox/artofwar-partial/17.png
REFTEST TEST-UNEXPECTED-FAIL | firefox-artofwar-partial-page18 | image comparison (==)
REFTEST   IMAGE 1 (TEST)(816x1056x1): test_snapshots/win32/firefox/artofwar-partial/18.png
REFTEST   IMAGE 2 (REFERENCE)(816x1056x1): https://raw.githubusercontent.com/mozilla/pdf.js.refs/7788e398870dd21da5ae181a966c94e67ab22b38/win32/firefox/artofwar-partial/18.png
REFTEST TEST-UNEXPECTED-FAIL | firefox-artofwar-partial-page19 | image comparison (==)
REFTEST   IMAGE 1 (TEST)(816x1056x1): test_snapshots/win32/firefox/artofwar-partial/19.png
REFTEST   IMAGE 2 (REFERENCE)(816x1056x1): https://raw.githubusercontent.com/mozilla/pdf.js.refs/7788e398870dd21da5ae181a966c94e67ab22b38/win32/firefox/artofwar-partial/19.png
REFTEST TEST-UNEXPECTED-FAIL | firefox-artofwar-partial-page20 | image comparison (==)
REFTEST   IMAGE 1 (TEST)(816x1056x1): test_snapshots/win32/firefox/artofwar-partial/20.png
REFTEST   IMAGE 2 (REFERENCE)(816x1056x1): https://raw.githubusercontent.com/mozilla/pdf.js.refs/7788e398870dd21da5ae181a966c94e67ab22b38/win32/firefox/artofwar-partial/20.png
REFTEST TEST-UNEXPECTED-FAIL | firefox-artofwar-partial-page21 | image comparison (==)
REFTEST   IMAGE 1 (TEST)(816x1056x1): test_snapshots/win32/firefox/artofwar-partial/21.png
REFTEST   IMAGE 2 (REFERENCE)(816x1056x1): https://raw.githubusercontent.com/mozilla/pdf.js.refs/7788e398870dd21da5ae181a966c94e67ab22b38/win32/firefox/artofwar-partial/21.png
REFTEST TEST-UNEXPECTED-FAIL | firefox-artofwar-partial-page22 | image comparison (==)
REFTEST   IMAGE 1 (TEST)(816x1056x1): test_snapshots/win32/firefox/artofwar-partial/22.png
REFTEST   IMAGE 2 (REFERENCE)(816x1056x1): https://raw.githubusercontent.com/mozilla/pdf.js.refs/7788e398870dd21da5ae181a966c94e67ab22b38/win32/firefox/artofwar-partial/22.png
REFTEST TEST-UNEXPECTED-FAIL | firefox-artofwar-partial-page23 | image comparison (==)
REFTEST   IMAGE 1 (TEST)(816x1056x1): test_snapshots/win32/firefox/artofwar-partial/23.png
REFTEST   IMAGE 2 (REFERENCE)(816x1056x1): https://raw.githubusercontent.com/mozilla/pdf.js.refs/7788e398870dd21da5ae181a966c94e67ab22b38/win32/firefox/artofwar-partial/23.png
REFTEST TEST-UNEXPECTED-FAIL | firefox-artofwar-partial-page24 | image comparison (==)
REFTEST   IMAGE 1 (TEST)(816x1056x1): test_snapshots/win32/firefox/artofwar-partial/24.png
REFTEST   IMAGE 2 (REFERENCE)(816x1056x1): https://raw.githubusercontent.com/mozilla/pdf.js.refs/7788e398870dd21da5ae181a966c94e67ab22b38/win32/firefox/artofwar-partial/24.png
REFTEST TEST-UNEXPECTED-FAIL | firefox-artofwar-partial-page25 | image comparison (==)
REFTEST   IMAGE 1 (TEST)(816x1056x1): test_snapshots/win32/firefox/artofwar-partial/25.png
REFTEST   IMAGE 2 (REFERENCE)(816x1056x1): https://raw.githubusercontent.com/mozilla/pdf.js.refs/7788e398870dd21da5ae181a966c94e67ab22b38/win32/firefox/artofwar-partial/25.png
REFTEST TEST-UNEXPECTED-FAIL | firefox-artofwar-partial-page26 | image comparison (==)
REFTEST   IMAGE 1 (TEST)(816x1056x1): test_snapshots/win32/firefox/artofwar-partial/26.png
REFTEST   IMAGE 2 (REFERENCE)(816x1056x1): https://raw.githubusercontent.com/mozilla/pdf.js.refs/7788e398870dd21da5ae181a966c94e67ab22b38/win32/firefox/artofwar-partial/26.png
REFTEST TEST-UNEXPECTED-FAIL | firefox-artofwar-partial-page27 | image comparison (==)
REFTEST   IMAGE 1 (TEST)(816x1056x1): test_snapshots/win32/firefox/artofwar-partial/27.png
REFTEST   IMAGE 2 (REFERENCE)(816x1056x1): https://raw.githubusercontent.com/mozilla/pdf.js.refs/7788e398870dd21da5ae181a966c94e67ab22b38/win32/firefox/artofwar-partial/27.png
REFTEST TEST-UNEXPECTED-FAIL | firefox-artofwar-partial-page28 | image comparison (==)
REFTEST   IMAGE 1 (TEST)(816x1056x1): test_snapshots/win32/firefox/artofwar-partial/28.png
REFTEST   IMAGE 2 (REFERENCE)(816x1056x1): https://raw.githubusercontent.com/mozilla/pdf.js.refs/7788e398870dd21da5ae181a966c94e67ab22b38/win32/firefox/artofwar-partial/28.png
REFTEST TEST-UNEXPECTED-FAIL | firefox-artofwar-partial-page29 | image comparison (==)
REFTEST   IMAGE 1 (TEST)(816x1056x1): test_snapshots/win32/firefox/artofwar-partial/29.png
REFTEST   IMAGE 2 (REFERENCE)(816x1056x1): https://raw.githubusercontent.com/mozilla/pdf.js.refs/7788e398870dd21da5ae181a966c94e67ab22b38/win32/firefox/artofwar-partial/29.png
REFTEST TEST-UNEXPECTED-FAIL | firefox-artofwar-partial-page30 | image comparison (==)
REFTEST   IMAGE 1 (TEST)(816x1056x1): test_snapshots/win32/firefox/artofwar-partial/30.png
REFTEST   IMAGE 2 (REFERENCE)(816x1056x1): https://raw.githubusercontent.com/mozilla/pdf.js.refs/7788e398870dd21da5ae181a966c94e67ab22b38/win32/firefox/artofwar-partial/30.png
REFTEST TEST-UNEXPECTED-FAIL | firefox-artofwar-partial-page31 | image comparison (==)
REFTEST   IMAGE 1 (TEST)(816x1056x1): test_snapshots/win32/firefox/artofwar-partial/31.png
REFTEST   IMAGE 2 (REFERENCE)(816x1056x1): https://raw.githubusercontent.com/mozilla/pdf.js.refs/7788e398870dd21da5ae181a966c94e67ab22b38/win32/firefox/artofwar-partial/31.png
REFTEST TEST-UNEXPECTED-FAIL | firefox-artofwar-partial-page32 | image comparison (==)
REFTEST   IMAGE 1 (TEST)(816x1056x1): test_snapshots/win32/firefox/artofwar-partial/32.png
REFTEST   IMAGE 2 (REFERENCE)(816x1056x1): https://raw.githubusercontent.com/mozilla/pdf.js.refs/7788e398870dd21da5ae181a966c94e67ab22b38/win32/firefox/artofwar-partial/32.png
REFTEST TEST-UNEXPECTED-FAIL | firefox-artofwar-partial-page33 | image comparison (==)
REFTEST   IMAGE 1 (TEST)(816x1056x1): test_snapshots/win32/firefox/artofwar-partial/33.png
REFTEST   IMAGE 2 (REFERENCE)(816x1056x1): https://raw.githubusercontent.com/mozilla/pdf.js.refs/7788e398870dd21da5ae181a966c94e67ab22b38/win32/firefox/artofwar-partial/33.png
REFTEST TEST-UNEXPECTED-FAIL | firefox-artofwar-partial-page34 | image comparison (==)
REFTEST   IMAGE 1 (TEST)(816x1056x1): test_snapshots/win32/firefox/artofwar-partial/34.png
REFTEST   IMAGE 2 (REFERENCE)(816x1056x1): https://raw.githubusercontent.com/mozilla/pdf.js.refs/7788e398870dd21da5ae181a966c94e67ab22b38/win32/firefox/artofwar-partial/34.png
REFTEST TEST-UNEXPECTED-FAIL | firefox-artofwar-partial-page35 | image comparison (==)
REFTEST   IMAGE 1 (TEST)(816x1056x1): test_snapshots/win32/firefox/artofwar-partial/35.png
REFTEST   IMAGE 2 (REFERENCE)(816x1056x1): https://raw.githubusercontent.com/mozilla/pdf.js.refs/7788e398870dd21da5ae181a966c94e67ab22b38/win32/firefox/artofwar-partial/35.png
REFTEST TEST-UNEXPECTED-FAIL | firefox-artofwar-partial-page36 | image comparison (==)
REFTEST   IMAGE 1 (TEST)(816x1056x1): test_snapshots/win32/firefox/artofwar-partial/36.png
REFTEST   IMAGE 2 (REFERENCE)(816x1056x1): https://raw.githubusercontent.com/mozilla/pdf.js.refs/7788e398870dd21da5ae181a966c94e67ab22b38/win32/firefox/artofwar-partial/36.png
REFTEST TEST-UNEXPECTED-FAIL | firefox-artofwar-partial-page37 | image comparison (==)
REFTEST   IMAGE 1 (TEST)(816x1056x1): test_snapshots/win32/firefox/artofwar-partial/37.png
REFTEST   IMAGE 2 (REFERENCE)(816x1056x1): https://raw.githubusercontent.com/mozilla/pdf.js.refs/7788e398870dd21da5ae181a966c94e67ab22b38/win32/firefox/artofwar-partial/37.png
REFTEST TEST-UNEXPECTED-FAIL | firefox-artofwar-partial-page38 | image comparison (==)
REFTEST   IMAGE 1 (TEST)(816x1056x1): test_snapshots/win32/firefox/artofwar-partial/38.png
REFTEST   IMAGE 2 (REFERENCE)(816x1056x1): https://raw.githubusercontent.com/mozilla/pdf.js.refs/7788e398870dd21da5ae181a966c94e67ab22b38/win32/firefox/artofwar-partial/38.png
REFTEST TEST-UNEXPECTED-FAIL | firefox-artofwar-partial-page39 | image comparison (==)
REFTEST   IMAGE 1 (TEST)(816x1056x1): test_snapshots/win32/firefox/artofwar-partial/39.png
REFTEST   IMAGE 2 (REFERENCE)(816x1056x1): https://raw.githubusercontent.com/mozilla/pdf.js.refs/7788e398870dd21da5ae181a966c94e67ab22b38/win32/firefox/artofwar-partial/39.png
REFTEST TEST-UNEXPECTED-FAIL | firefox-artofwar-partial-page41 | image comparison (==)
REFTEST   IMAGE 1 (TEST)(816x1056x1): test_snapshots/win32/firefox/artofwar-partial/41.png
REFTEST   IMAGE 2 (REFERENCE)(816x1056x1): https://raw.githubusercontent.com/mozilla/pdf.js.refs/7788e398870dd21da5ae181a966c94e67ab22b38/win32/firefox/artofwar-partial/41.png
REFTEST TEST-UNEXPECTED-FAIL | firefox-artofwar-partial-page42 | image comparison (==)
REFTEST   IMAGE 1 (TEST)(816x1056x1): test_snapshots/win32/firefox/artofwar-partial/42.png
REFTEST   IMAGE 2 (REFERENCE)(816x1056x1): https://raw.githubusercontent.com/mozilla/pdf.js.refs/7788e398870dd21da5ae181a966c94e67ab22b38/win32/firefox/artofwar-partial/42.png
REFTEST TEST-UNEXPECTED-FAIL | firefox-artofwar-partial-page43 | image comparison (==)
REFTEST   IMAGE 1 (TEST)(816x1056x1): test_snapshots/win32/firefox/artofwar-partial/43.png
REFTEST   IMAGE 2 (REFERENCE)(816x1056x1): https://raw.githubusercontent.com/mozilla/pdf.js.refs/7788e398870dd21da5ae181a966c94e67ab22b38/win32/firefox/artofwar-partial/43.png
REFTEST TEST-UNEXPECTED-FAIL | firefox-artofwar-partial-page44 | image comparison (==)
REFTEST   IMAGE 1 (TEST)(816x1056x1): test_snapshots/win32/firefox/artofwar-partial/44.png
REFTEST   IMAGE 2 (REFERENCE)(816x1056x1): https://raw.githubusercontent.com/mozilla/pdf.js.refs/7788e398870dd21da5ae181a966c94e67ab22b38/win32/firefox/artofwar-partial/44.png
REFTEST TEST-UNEXPECTED-FAIL | firefox-artofwar-partial-page45 | image comparison (==)
REFTEST   IMAGE 1 (TEST)(816x1056x1): test_snapshots/win32/firefox/artofwar-partial/45.png
REFTEST   IMAGE 2 (REFERENCE)(816x1056x1): https://raw.githubusercontent.com/mozilla/pdf.js.refs/7788e398870dd21da5ae181a966c94e67ab22b38/win32/firefox/artofwar-partial/45.png
REFTEST TEST-UNEXPECTED-FAIL | firefox-artofwar-partial-page46 | image comparison (==)
REFTEST   IMAGE 1 (TEST)(816x1056x1): test_snapshots/win32/firefox/artofwar-partial/46.png
REFTEST   IMAGE 2 (REFERENCE)(816x1056x1): https://raw.githubusercontent.com/mozilla/pdf.js.refs/7788e398870dd21da5ae181a966c94e67ab22b38/win32/firefox/artofwar-partial/46.png
REFTEST TEST-UNEXPECTED-FAIL | firefox-artofwar-partial-page47 | image comparison (==)
REFTEST   IMAGE 1 (TEST)(816x1056x1): test_snapshots/win32/firefox/artofwar-partial/47.png
REFTEST   IMAGE 2 (REFERENCE)(816x1056x1): https://raw.githubusercontent.com/mozilla/pdf.js.refs/7788e398870dd21da5ae181a966c94e67ab22b38/win32/firefox/artofwar-partial/47.png
REFTEST TEST-UNEXPECTED-FAIL | firefox-artofwar-partial-page48 | image comparison (==)
REFTEST   IMAGE 1 (TEST)(816x1056x1): test_snapshots/win32/firefox/artofwar-partial/48.png
REFTEST   IMAGE 2 (REFERENCE)(816x1056x1): https://raw.githubusercontent.com/mozilla/pdf.js.refs/7788e398870dd21da5ae181a966c94e67ab22b38/win32/firefox/artofwar-partial/48.png
REFTEST TEST-UNEXPECTED-FAIL | firefox-artofwar-partial-page49 | image comparison (==)
REFTEST   IMAGE 1 (TEST)(816x1056x1): test_snapshots/win32/firefox/artofwar-partial/49.png
REFTEST   IMAGE 2 (REFERENCE)(816x1056x1): https://raw.githubusercontent.com/mozilla/pdf.js.refs/7788e398870dd21da5ae181a966c94e67ab22b38/win32/firefox/artofwar-partial/49.png
REFTEST TEST-UNEXPECTED-FAIL | firefox-artofwar-partial-page51 | image comparison (==)
REFTEST   IMAGE 1 (TEST)(816x1056x1): test_snapshots/win32/firefox/artofwar-partial/51.png
REFTEST   IMAGE 2 (REFERENCE)(816x1056x1): https://raw.githubusercontent.com/mozilla/pdf.js.refs/7788e398870dd21da5ae181a966c94e67ab22b38/win32/firefox/artofwar-partial/51.png
REFTEST TEST-UNEXPECTED-FAIL | firefox-artofwar-partial-page52 | image comparison (==)
REFTEST   IMAGE 1 (TEST)(816x1056x1): test_snapshots/win32/firefox/artofwar-partial/52.png
REFTEST   IMAGE 2 (REFERENCE)(816x1056x1): https://raw.githubusercontent.com/mozilla/pdf.js.refs/7788e398870dd21da5ae181a966c94e67ab22b38/win32/firefox/artofwar-partial/52.png
REFTEST TEST-UNEXPECTED-FAIL | firefox-artofwar-partial-page53 | image comparison (==)
REFTEST   IMAGE 1 (TEST)(816x1056x1): test_snapshots/win32/firefox/artofwar-partial/53.png
REFTEST   IMAGE 2 (REFERENCE)(816x1056x1): https://raw.githubusercontent.com/mozilla/pdf.js.refs/7788e398870dd21da5ae181a966c94e67ab22b38/win32/firefox/artofwar-partial/53.png
REFTEST TEST-UNEXPECTED-FAIL | firefox-artofwar-partial-page54 | image comparison (==)
REFTEST   IMAGE 1 (TEST)(816x1056x1): test_snapshots/win32/firefox/artofwar-partial/54.png
REFTEST   IMAGE 2 (REFERENCE)(816x1056x1): https://raw.githubusercontent.com/mozilla/pdf.js.refs/7788e398870dd21da5ae181a966c94e67ab22b38/win32/firefox/artofwar-partial/54.png
REFTEST TEST-UNEXPECTED-FAIL | firefox-artofwar-partial-page55 | image comparison (==)
REFTEST   IMAGE 1 (TEST)(816x1056x1): test_snapshots/win32/firefox/artofwar-partial/55.png
REFTEST   IMAGE 2 (REFERENCE)(816x1056x1): https://raw.githubusercontent.com/mozilla/pdf.js.refs/7788e398870dd21da5ae181a966c94e67ab22b38/win32/firefox/artofwar-partial/55.png
REFTEST TEST-UNEXPECTED-FAIL | firefox-artofwar-partial-page56 | image comparison (==)
REFTEST   IMAGE 1 (TEST)(816x1056x1): test_snapshots/win32/firefox/artofwar-partial/56.png
REFTEST   IMAGE 2 (REFERENCE)(816x1056x1): https://raw.githubusercontent.com/mozilla/pdf.js.refs/7788e398870dd21da5ae181a966c94e67ab22b38/win32/firefox/artofwar-partial/56.png
REFTEST TEST-UNEXPECTED-FAIL | firefox-artofwar-partial-page57 | image comparison (==)
REFTEST   IMAGE 1 (TEST)(816x1056x1): test_snapshots/win32/firefox/artofwar-partial/57.png
REFTEST   IMAGE 2 (REFERENCE)(816x1056x1): https://raw.githubusercontent.com/mozilla/pdf.js.refs/7788e398870dd21da5ae181a966c94e67ab22b38/win32/firefox/artofwar-partial/57.png
REFTEST TEST-UNEXPECTED-FAIL | firefox-artofwar-partial-page58 | image comparison (==)
REFTEST   IMAGE 1 (TEST)(816x1056x1): test_snapshots/win32/firefox/artofwar-partial/58.png
REFTEST   IMAGE 2 (REFERENCE)(816x1056x1): https://raw.githubusercontent.com/mozilla/pdf.js.refs/7788e398870dd21da5ae181a966c94e67ab22b38/win32/firefox/artofwar-partial/58.png
REFTEST TEST-UNEXPECTED-FAIL | firefox-artofwar-partial-page59 | image comparison (==)
REFTEST   IMAGE 1 (TEST)(816x1056x1): test_snapshots/win32/firefox/artofwar-partial/59.png
REFTEST   IMAGE 2 (REFERENCE)(816x1056x1): https://raw.githubusercontent.com/mozilla/pdf.js.refs/7788e398870dd21da5ae181a966c94e67ab22b38/win32/firefox/artofwar-partial/59.png
REFTEST TEST-UNEXPECTED-FAIL | firefox-artofwar-partial-page60 | image comparison (==)
REFTEST   IMAGE 1 (TEST)(816x1056x1): test_snapshots/win32/firefox/artofwar-partial/60.png
REFTEST   IMAGE 2 (REFERENCE)(816x1056x1): https://raw.githubusercontent.com/mozilla/pdf.js.refs/7788e398870dd21da5ae181a966c94e67ab22b38/win32/firefox/artofwar-partial/60.png
REFTEST TEST-UNEXPECTED-FAIL | firefox-artofwar-partial-page61 | image comparison (==)
REFTEST   IMAGE 1 (TEST)(816x1056x1): test_snapshots/win32/firefox/artofwar-partial/61.png
REFTEST   IMAGE 2 (REFERENCE)(816x1056x1): https://raw.githubusercontent.com/mozilla/pdf.js.refs/7788e398870dd21da5ae181a966c94e67ab22b38/win32/firefox/artofwar-partial/61.png
REFTEST TEST-UNEXPECTED-FAIL | firefox-artofwar-partial-page62 | image comparison (==)
REFTEST   IMAGE 1 (TEST)(816x1056x1): test_snapshots/win32/firefox/artofwar-partial/62.png
REFTEST   IMAGE 2 (REFERENCE)(816x1056x1): https://raw.githubusercontent.com/mozilla/pdf.js.refs/7788e398870dd21da5ae181a966c94e67ab22b38/win32/firefox/artofwar-partial/62.png
REFTEST TEST-UNEXPECTED-FAIL | firefox-artofwar-partial-page63 | image comparison (==)
REFTEST   IMAGE 1 (TEST)(816x1056x1): test_snapshots/win32/firefox/artofwar-partial/63.png
REFTEST   IMAGE 2 (REFERENCE)(816x1056x1): https://raw.githubusercontent.com/mozilla/pdf.js.refs/7788e398870dd21da5ae181a966c94e67ab22b38/win32/firefox/artofwar-partial/63.png
REFTEST TEST-UNEXPECTED-FAIL | firefox-artofwar-partial-page64 | image comparison (==)
REFTEST   IMAGE 1 (TEST)(816x1056x1): test_snapshots/win32/firefox/artofwar-partial/64.png
REFTEST   IMAGE 2 (REFERENCE)(816x1056x1): https://raw.githubusercontent.com/mozilla/pdf.js.refs/7788e398870dd21da5ae181a966c94e67ab22b38/win32/firefox/artofwar-partial/64.png
REFTEST TEST-UNEXPECTED-FAIL | firefox-artofwar-partial-page65 | image comparison (==)
REFTEST   IMAGE 1 (TEST)(816x1056x1): test_snapshots/win32/firefox/artofwar-partial/65.png
REFTEST   IMAGE 2 (REFERENCE)(816x1056x1): https://raw.githubusercontent.com/mozilla/pdf.js.refs/7788e398870dd21da5ae181a966c94e67ab22b38/win32/firefox/artofwar-partial/65.png
REFTEST TEST-UNEXPECTED-FAIL | firefox-artofwar-partial-page66 | image comparison (==)
REFTEST   IMAGE 1 (TEST)(816x1056x1): test_snapshots/win32/firefox/artofwar-partial/66.png
REFTEST   IMAGE 2 (REFERENCE)(816x1056x1): https://raw.githubusercontent.com/mozilla/pdf.js.refs/7788e398870dd21da5ae181a966c94e67ab22b38/win32/firefox/artofwar-partial/66.png
REFTEST TEST-UNEXPECTED-FAIL | firefox-artofwar-partial-page67 | image comparison (==)
REFTEST   IMAGE 1 (TEST)(816x1056x1): test_snapshots/win32/firefox/artofwar-partial/67.png
REFTEST   IMAGE 2 (REFERENCE)(816x1056x1): https://raw.githubusercontent.com/mozilla/pdf.js.refs/7788e398870dd21da5ae181a966c94e67ab22b38/win32/firefox/artofwar-partial/67.png
REFTEST TEST-UNEXPECTED-FAIL | firefox-artofwar-partial-page68 | image comparison (==)
REFTEST   IMAGE 1 (TEST)(816x1056x1): test_snapshots/win32/firefox/artofwar-partial/68.png
REFTEST   IMAGE 2 (REFERENCE)(816x1056x1): https://raw.githubusercontent.com/mozilla/pdf.js.refs/7788e398870dd21da5ae181a966c94e67ab22b38/win32/firefox/artofwar-partial/68.png
REFTEST TEST-UNEXPECTED-FAIL | firefox-artofwar-partial-page69 | image comparison (==)
REFTEST   IMAGE 1 (TEST)(816x1056x1): test_snapshots/win32/firefox/artofwar-partial/69.png
REFTEST   IMAGE 2 (REFERENCE)(816x1056x1): https://raw.githubusercontent.com/mozilla/pdf.js.refs/7788e398870dd21da5ae181a966c94e67ab22b38/win32/firefox/artofwar-partial/69.png
REFTEST TEST-UNEXPECTED-FAIL | firefox-artofwar-partial-page70 | image comparison (==)
REFTEST   IMAGE 1 (TEST)(816x1056x1): test_snapshots/win32/firefox/artofwar-partial/70.png
REFTEST   IMAGE 2 (REFERENCE)(816x1056x1): https://raw.githubusercontent.com/mozilla/pdf.js.refs/7788e398870dd21da5ae181a966c94e67ab22b38/win32/firefox/artofwar-partial/70.png
REFTEST TEST-UNEXPECTED-FAIL | firefox-artofwar-partial-page71 | image comparison (==)
REFTEST   IMAGE 1 (TEST)(816x1056x1): test_snapshots/win32/firefox/artofwar-partial/71.png
REFTEST   IMAGE 2 (REFERENCE)(816x1056x1): https://raw.githubusercontent.com/mozilla/pdf.js.refs/7788e398870dd21da5ae181a966c94e67ab22b38/win32/firefox/artofwar-partial/71.png
REFTEST TEST-UNEXPECTED-FAIL | firefox-artofwar-partial-page72 | image comparison (==)
REFTEST   IMAGE 1 (TEST)(816x1056x1): test_snapshots/win32/firefox/artofwar-partial/72.png
REFTEST   IMAGE 2 (REFERENCE)(816x1056x1): https://raw.githubusercontent.com/mozilla/pdf.js.refs/7788e398870dd21da5ae181a966c94e67ab22b38/win32/firefox/artofwar-partial/72.png
REFTEST TEST-UNEXPECTED-FAIL | firefox-artofwar-partial-page73 | image comparison (==)
REFTEST   IMAGE 1 (TEST)(816x1056x1): test_snapshots/win32/firefox/artofwar-partial/73.png
REFTEST   IMAGE 2 (REFERENCE)(816x1056x1): https://raw.githubusercontent.com/mozilla/pdf.js.refs/7788e398870dd21da5ae181a966c94e67ab22b38/win32/firefox/artofwar-partial/73.png
REFTEST TEST-UNEXPECTED-FAIL | firefox-artofwar-partial-page74 | image comparison (==)
REFTEST   IMAGE 1 (TEST)(816x1056x1): test_snapshots/win32/firefox/artofwar-partial/74.png
REFTEST   IMAGE 2 (REFERENCE)(816x1056x1): https://raw.githubusercontent.com/mozilla/pdf.js.refs/7788e398870dd21da5ae181a966c94e67ab22b38/win32/firefox/artofwar-partial/74.png
REFTEST TEST-UNEXPECTED-FAIL | firefox-artofwar-partial-page75 | image comparison (==)
REFTEST   IMAGE 1 (TEST)(816x1056x1): test_snapshots/win32/firefox/artofwar-partial/75.png
REFTEST   IMAGE 2 (REFERENCE)(816x1056x1): https://raw.githubusercontent.com/mozilla/pdf.js.refs/7788e398870dd21da5ae181a966c94e67ab22b38/win32/firefox/artofwar-partial/75.png
REFTEST TEST-UNEXPECTED-FAIL | firefox-artofwar-partial-page76 | image comparison (==)
REFTEST   IMAGE 1 (TEST)(816x1056x1): test_snapshots/win32/firefox/artofwar-partial/76.png
REFTEST   IMAGE 2 (REFERENCE)(816x1056x1): https://raw.githubusercontent.com/mozilla/pdf.js.refs/7788e398870dd21da5ae181a966c94e67ab22b38/win32/firefox/artofwar-partial/76.png
REFTEST TEST-UNEXPECTED-FAIL | firefox-artofwar-partial-page77 | image comparison (==)
REFTEST   IMAGE 1 (TEST)(816x1056x1): test_snapshots/win32/firefox/artofwar-partial/77.png
REFTEST   IMAGE 2 (REFERENCE)(816x1056x1): https://raw.githubusercontent.com/mozilla/pdf.js.refs/7788e398870dd21da5ae181a966c94e67ab22b38/win32/firefox/artofwar-partial/77.png
REFTEST TEST-UNEXPECTED-FAIL | firefox-artofwar-partial-page78 | image comparison (==)
REFTEST   IMAGE 1 (TEST)(816x1056x1): test_snapshots/win32/firefox/artofwar-partial/78.png
REFTEST   IMAGE 2 (REFERENCE)(816x1056x1): https://raw.githubusercontent.com/mozilla/pdf.js.refs/7788e398870dd21da5ae181a966c94e67ab22b38/win32/firefox/artofwar-partial/78.png
REFTEST TEST-UNEXPECTED-FAIL | firefox-artofwar-partial-page79 | image comparison (==)
REFTEST   IMAGE 1 (TEST)(816x1056x1): test_snapshots/win32/firefox/artofwar-partial/79.png
REFTEST   IMAGE 2 (REFERENCE)(816x1056x1): https://raw.githubusercontent.com/mozilla/pdf.js.refs/7788e398870dd21da5ae181a966c94e67ab22b38/win32/firefox/artofwar-partial/79.png
REFTEST TEST-UNEXPECTED-FAIL | firefox-artofwar-partial-page80 | image comparison (==)
REFTEST   IMAGE 1 (TEST)(816x1056x1): test_snapshots/win32/firefox/artofwar-partial/80.png
REFTEST   IMAGE 2 (REFERENCE)(816x1056x1): https://raw.githubusercontent.com/mozilla/pdf.js.refs/7788e398870dd21da5ae181a966c94e67ab22b38/win32/firefox/artofwar-partial/80.png
REFTEST TEST-UNEXPECTED-FAIL | firefox-artofwar-partial-page81 | image comparison (==)
REFTEST   IMAGE 1 (TEST)(816x1056x1): test_snapshots/win32/firefox/artofwar-partial/81.png
REFTEST   IMAGE 2 (REFERENCE)(816x1056x1): https://raw.githubusercontent.com/mozilla/pdf.js.refs/7788e398870dd21da5ae181a966c94e67ab22b38/win32/firefox/artofwar-partial/81.png
REFTEST TEST-UNEXPECTED-FAIL | firefox-artofwar-partial-page82 | image comparison (==)
REFTEST   IMAGE 1 (TEST)(816x1056x1): test_snapshots/win32/firefox/artofwar-partial/82.png
REFTEST   IMAGE 2 (REFERENCE)(816x1056x1): https://raw.githubusercontent.com/mozilla/pdf.js.refs/7788e398870dd21da5ae181a966c94e67ab22b38/win32/firefox/artofwar-partial/82.png
REFTEST TEST-UNEXPECTED-FAIL | firefox-artofwar-partial-page83 | image comparison (==)
REFTEST   IMAGE 1 (TEST)(816x1056x1): test_snapshots/win32/firefox/artofwar-partial/83.png
REFTEST   IMAGE 2 (REFERENCE)(816x1056x1): https://raw.githubusercontent.com/mozilla/pdf.js.refs/7788e398870dd21da5ae181a966c94e67ab22b38/win32/firefox/artofwar-partial/83.png
REFTEST TEST-UNEXPECTED-FAIL | firefox-artofwar-partial-page86 | image comparison (==)
REFTEST   IMAGE 1 (TEST)(816x1056x1): test_snapshots/win32/firefox/artofwar-partial/86.png
REFTEST   IMAGE 2 (REFERENCE)(816x1056x1): https://raw.githubusercontent.com/mozilla/pdf.js.refs/7788e398870dd21da5ae181a966c94e67ab22b38/win32/firefox/artofwar-partial/86.png
REFTEST TEST-UNEXPECTED-FAIL | firefox-artofwar-partial-page87 | image comparison (==)
REFTEST   IMAGE 1 (TEST)(816x1056x1): test_snapshots/win32/firefox/artofwar-partial/87.png
REFTEST   IMAGE 2 (REFERENCE)(816x1056x1): https://raw.githubusercontent.com/mozilla/pdf.js.refs/7788e398870dd21da5ae181a966c94e67ab22b38/win32/firefox/artofwar-partial/87.png
REFTEST TEST-UNEXPECTED-FAIL | firefox-artofwar-partial-page88 | image comparison (==)
REFTEST   IMAGE 1 (TEST)(816x1056x1): test_snapshots/win32/firefox/artofwar-partial/88.png
REFTEST   IMAGE 2 (REFERENCE)(816x1056x1): https://raw.githubusercontent.com/mozilla/pdf.js.refs/7788e398870dd21da5ae181a966c94e67ab22b38/win32/firefox/artofwar-partial/88.png
REFTEST TEST-UNEXPECTED-FAIL | firefox-artofwar-partial-page89 | image comparison (==)
REFTEST   IMAGE 1 (TEST)(816x1056x1): test_snapshots/win32/firefox/artofwar-partial/89.png
REFTEST   IMAGE 2 (REFERENCE)(816x1056x1): https://raw.githubusercontent.com/mozilla/pdf.js.refs/7788e398870dd21da5ae181a966c94e67ab22b38/win32/firefox/artofwar-partial/89.png
REFTEST TEST-UNEXPECTED-FAIL | firefox-artofwar-partial-page90 | image comparison (==)
REFTEST   IMAGE 1 (TEST)(816x1056x1): test_snapshots/win32/firefox/artofwar-partial/90.png
REFTEST   IMAGE 2 (REFERENCE)(816x1056x1): https://raw.githubusercontent.com/mozilla/pdf.js.refs/7788e398870dd21da5ae181a966c94e67ab22b38/win32/firefox/artofwar-partial/90.png
REFTEST TEST-UNEXPECTED-FAIL | firefox-artofwar-partial-page91 | image comparison (==)
REFTEST   IMAGE 1 (TEST)(816x1056x1): test_snapshots/win32/firefox/artofwar-partial/91.png
REFTEST   IMAGE 2 (REFERENCE)(816x1056x1): https://raw.githubusercontent.com/mozilla/pdf.js.refs/7788e398870dd21da5ae181a966c94e67ab22b38/win32/firefox/artofwar-partial/91.png
REFTEST TEST-UNEXPECTED-FAIL | firefox-artofwar-partial-page92 | image comparison (==)
REFTEST   IMAGE 1 (TEST)(816x1056x1): test_snapshots/win32/firefox/artofwar-partial/92.png
REFTEST   IMAGE 2 (REFERENCE)(816x1056x1): https://raw.githubusercontent.com/mozilla/pdf.js.refs/7788e398870dd21da5ae181a966c94e67ab22b38/win32/firefox/artofwar-partial/92.png
REFTEST TEST-UNEXPECTED-FAIL | firefox-artofwar-partial-page94 | image comparison (==)
REFTEST   IMAGE 1 (TEST)(816x1056x1): test_snapshots/win32/firefox/artofwar-partial/94.png
REFTEST   IMAGE 2 (REFERENCE)(816x1056x1): https://raw.githubusercontent.com/mozilla/pdf.js.refs/7788e398870dd21da5ae181a966c94e67ab22b38/win32/firefox/artofwar-partial/94.png
REFTEST TEST-UNEXPECTED-FAIL | firefox-artofwar-partial-page95 | image comparison (==)
REFTEST   IMAGE 1 (TEST)(816x1056x1): test_snapshots/win32/firefox/artofwar-partial/95.png
REFTEST   IMAGE 2 (REFERENCE)(816x1056x1): https://raw.githubusercontent.com/mozilla/pdf.js.refs/7788e398870dd21da5ae181a966c94e67ab22b38/win32/firefox/artofwar-partial/95.png
REFTEST TEST-UNEXPECTED-FAIL | firefox-artofwar-partial-page96 | image comparison (==)
REFTEST   IMAGE 1 (TEST)(816x1056x1): test_snapshots/win32/firefox/artofwar-partial/96.png
REFTEST   IMAGE 2 (REFERENCE)(816x1056x1): https://raw.githubusercontent.com/mozilla/pdf.js.refs/7788e398870dd21da5ae181a966c94e67ab22b38/win32/firefox/artofwar-partial/96.png
REFTEST TEST-UNEXPECTED-FAIL | firefox-artofwar-partial-page97 | image comparison (==)
REFTEST   IMAGE 1 (TEST)(816x1056x1): test_snapshots/win32/firefox/artofwar-partial/97.png
REFTEST   IMAGE 2 (REFERENCE)(816x1056x1): https://raw.githubusercontent.com/mozilla/pdf.js.refs/7788e398870dd21da5ae181a966c94e67ab22b38/win32/firefox/artofwar-partial/97.png
REFTEST TEST-UNEXPECTED-FAIL | firefox-artofwar-partial-page98 | image comparison (==)
REFTEST   IMAGE 1 (TEST)(816x1056x1): test_snapshots/win32/firefox/artofwar-partial/98.png
REFTEST   IMAGE 2 (REFERENCE)(816x1056x1): https://raw.githubusercontent.com/mozilla/pdf.js.refs/7788e398870dd21da5ae181a966c94e67ab22b38/win32/firefox/artofwar-partial/98.png
REFTEST TEST-UNEXPECTED-FAIL | firefox-artofwar-partial-page99 | image comparison (==)
REFTEST   IMAGE 1 (TEST)(816x1056x1): test_snapshots/win32/firefox/artofwar-partial/99.png
REFTEST   IMAGE 2 (REFERENCE)(816x1056x1): https://raw.githubusercontent.com/mozilla/pdf.js.refs/7788e398870dd21da5ae181a966c94e67ab22b38/win32/firefox/artofwar-partial/99.png
REFTEST TEST-UNEXPECTED-FAIL | firefox-artofwar-partial-page102 | image comparison (==)
REFTEST   IMAGE 1 (TEST)(816x1056x1): test_snapshots/win32/firefox/artofwar-partial/102.png
REFTEST   IMAGE 2 (REFERENCE)(816x1056x1): https://raw.githubusercontent.com/mozilla/pdf.js.refs/7788e398870dd21da5ae181a966c94e67ab22b38/win32/firefox/artofwar-partial/102.png
REFTEST TEST-UNEXPECTED-FAIL | firefox-artofwar-partial-page103 | image comparison (==)
REFTEST   IMAGE 1 (TEST)(816x1056x1): test_snapshots/win32/firefox/artofwar-partial/103.png
REFTEST   IMAGE 2 (REFERENCE)(816x1056x1): https://raw.githubusercontent.com/mozilla/pdf.js.refs/7788e398870dd21da5ae181a966c94e67ab22b38/win32/firefox/artofwar-partial/103.png
REFTEST TEST-UNEXPECTED-FAIL | firefox-artofwar-partial-page104 | image comparison (==)
REFTEST   IMAGE 1 (TEST)(816x1056x1): test_snapshots/win32/firefox/artofwar-partial/104.png
REFTEST   IMAGE 2 (REFERENCE)(816x1056x1): https://raw.githubusercontent.com/mozilla/pdf.js.refs/7788e398870dd21da5ae181a966c94e67ab22b38/win32/firefox/artofwar-partial/104.png
REFTEST TEST-UNEXPECTED-FAIL | firefox-artofwar-partial-page105 | image comparison (==)
REFTEST   IMAGE 1 (TEST)(816x1056x1): test_snapshots/win32/firefox/artofwar-partial/105.png
REFTEST   IMAGE 2 (REFERENCE)(816x1056x1): https://raw.githubusercontent.com/mozilla/pdf.js.refs/7788e398870dd21da5ae181a966c94e67ab22b38/win32/firefox/artofwar-partial/105.png
REFTEST TEST-UNEXPECTED-FAIL | firefox-artofwar-partial-page106 | image comparison (==)
REFTEST   IMAGE 1 (TEST)(816x1056x1): test_snapshots/win32/firefox/artofwar-partial/106.png
REFTEST   IMAGE 2 (REFERENCE)(816x1056x1): https://raw.githubusercontent.com/mozilla/pdf.js.refs/7788e398870dd21da5ae181a966c94e67ab22b38/win32/firefox/artofwar-partial/106.png
REFTEST TEST-UNEXPECTED-FAIL | firefox-artofwar-partial-page107 | image comparison (==)
REFTEST   IMAGE 1 (TEST)(816x1056x1): test_snapshots/win32/firefox/artofwar-partial/107.png
REFTEST   IMAGE 2 (REFERENCE)(816x1056x1): https://raw.githubusercontent.com/mozilla/pdf.js.refs/7788e398870dd21da5ae181a966c94e67ab22b38/win32/firefox/artofwar-partial/107.png
REFTEST TEST-UNEXPECTED-FAIL | firefox-artofwar-partial-page108 | image comparison (==)
REFTEST   IMAGE 1 (TEST)(816x1056x1): test_snapshots/win32/firefox/artofwar-partial/108.png
REFTEST   IMAGE 2 (REFERENCE)(816x1056x1): https://raw.githubusercontent.com/mozilla/pdf.js.refs/7788e398870dd21da5ae181a966c94e67ab22b38/win32/firefox/artofwar-partial/108.png
REFTEST TEST-UNEXPECTED-FAIL | firefox-artofwar-partial-page109 | image comparison (==)
REFTEST   IMAGE 1 (TEST)(816x1056x1): test_snapshots/win32/firefox/artofwar-partial/109.png
REFTEST   IMAGE 2 (REFERENCE)(816x1056x1): https://raw.githubusercontent.com/mozilla/pdf.js.refs/7788e398870dd21da5ae181a966c94e67ab22b38/win32/firefox/artofwar-partial/109.png
REFTEST TEST-UNEXPECTED-FAIL | firefox-artofwar-partial-page110 | image comparison (==)
REFTEST   IMAGE 1 (TEST)(816x1056x1): test_snapshots/win32/firefox/artofwar-partial/110.png
REFTEST   IMAGE 2 (REFERENCE)(816x1056x1): https://raw.githubusercontent.com/mozilla/pdf.js.refs/7788e398870dd21da5ae181a966c94e67ab22b38/win32/firefox/artofwar-partial/110.png
REFTEST TEST-UNEXPECTED-FAIL | firefox-artofwar-partial-page111 | image comparison (==)
REFTEST   IMAGE 1 (TEST)(816x1056x1): test_snapshots/win32/firefox/artofwar-partial/111.png
REFTEST   IMAGE 2 (REFERENCE)(816x1056x1): https://raw.githubusercontent.com/mozilla/pdf.js.refs/7788e398870dd21da5ae181a966c94e67ab22b38/win32/firefox/artofwar-partial/111.png
REFTEST TEST-UNEXPECTED-FAIL | firefox-artofwar-partial-page112 | image comparison (==)
REFTEST   IMAGE 1 (TEST)(816x1056x1): test_snapshots/win32/firefox/artofwar-partial/112.png
REFTEST   IMAGE 2 (REFERENCE)(816x1056x1): https://raw.githubusercontent.com/mozilla/pdf.js.refs/7788e398870dd21da5ae181a966c94e67ab22b38/win32/firefox/artofwar-partial/112.png
REFTEST TEST-UNEXPECTED-FAIL | firefox-artofwar-partial-page113 | image comparison (==)
REFTEST   IMAGE 1 (TEST)(816x1056x1): test_snapshots/win32/firefox/artofwar-partial/113.png
REFTEST   IMAGE 2 (REFERENCE)(816x1056x1): https://raw.githubusercontent.com/mozilla/pdf.js.refs/7788e398870dd21da5ae181a966c94e67ab22b38/win32/firefox/artofwar-partial/113.png
REFTEST TEST-UNEXPECTED-FAIL | firefox-artofwar-partial-page115 | image comparison (==)
REFTEST   IMAGE 1 (TEST)(816x1056x1): test_snapshots/win32/firefox/artofwar-partial/115.png
REFTEST   IMAGE 2 (REFERENCE)(816x1056x1): https://raw.githubusercontent.com/mozilla/pdf.js.refs/7788e398870dd21da5ae181a966c94e67ab22b38/win32/firefox/artofwar-partial/115.png
REFTEST TEST-UNEXPECTED-FAIL | firefox-artofwar-partial-page116 | image comparison (==)
REFTEST   IMAGE 1 (TEST)(816x1056x1): test_snapshots/win32/firefox/artofwar-partial/116.png
REFTEST   IMAGE 2 (REFERENCE)(816x1056x1): https://raw.githubusercontent.com/mozilla/pdf.js.refs/7788e398870dd21da5ae181a966c94e67ab22b38/win32/firefox/artofwar-partial/116.png
REFTEST TEST-UNEXPECTED-FAIL | firefox-artofwar-partial-page118 | image comparison (==)
REFTEST   IMAGE 1 (TEST)(816x1056x1): test_snapshots/win32/firefox/artofwar-partial/118.png
REFTEST   IMAGE 2 (REFERENCE)(816x1056x1): https://raw.githubusercontent.com/mozilla/pdf.js.refs/7788e398870dd21da5ae181a966c94e67ab22b38/win32/firefox/artofwar-partial/118.png
REFTEST TEST-UNEXPECTED-FAIL | firefox-artofwar-partial-page119 | image comparison (==)
REFTEST   IMAGE 1 (TEST)(816x1056x1): test_snapshots/win32/firefox/artofwar-partial/119.png
REFTEST   IMAGE 2 (REFERENCE)(816x1056x1): https://raw.githubusercontent.com/mozilla/pdf.js.refs/7788e398870dd21da5ae181a966c94e67ab22b38/win32/firefox/artofwar-partial/119.png
REFTEST TEST-UNEXPECTED-FAIL | firefox-artofwar-partial-page120 | image comparison (==)
REFTEST   IMAGE 1 (TEST)(816x1056x1): test_snapshots/win32/firefox/artofwar-partial/120.png
REFTEST   IMAGE 2 (REFERENCE)(816x1056x1): https://raw.githubusercontent.com/mozilla/pdf.js.refs/7788e398870dd21da5ae181a966c94e67ab22b38/win32/firefox/artofwar-partial/120.png
REFTEST TEST-UNEXPECTED-FAIL | firefox-artofwar-partial-page121 | image comparison (==)
REFTEST   IMAGE 1 (TEST)(816x1056x1): test_snapshots/win32/firefox/artofwar-partial/121.png
REFTEST   IMAGE 2 (REFERENCE)(816x1056x1): https://raw.githubusercontent.com/mozilla/pdf.js.refs/7788e398870dd21da5ae181a966c94e67ab22b38/win32/firefox/artofwar-partial/121.png
REFTEST TEST-UNEXPECTED-FAIL | firefox-artofwar-partial-page122 | image comparison (==)
REFTEST   IMAGE 1 (TEST)(816x1056x1): test_snapshots/win32/firefox/artofwar-partial/122.png
REFTEST   IMAGE 2 (REFERENCE)(816x1056x1): https://raw.githubusercontent.com/mozilla/pdf.js.refs/7788e398870dd21da5ae181a966c94e67ab22b38/win32/firefox/artofwar-partial/122.png
REFTEST TEST-UNEXPECTED-FAIL | firefox-artofwar-partial-page123 | image comparison (==)
REFTEST   IMAGE 1 (TEST)(816x1056x1): test_snapshots/win32/firefox/artofwar-partial/123.png
REFTEST   IMAGE 2 (REFERENCE)(816x1056x1): https://raw.githubusercontent.com/mozilla/pdf.js.refs/7788e398870dd21da5ae181a966c94e67ab22b38/win32/firefox/artofwar-partial/123.png
REFTEST TEST-UNEXPECTED-FAIL | firefox-artofwar-partial-page124 | image comparison (==)
REFTEST   IMAGE 1 (TEST)(816x1056x1): test_snapshots/win32/firefox/artofwar-partial/124.png
REFTEST   IMAGE 2 (REFERENCE)(816x1056x1): https://raw.githubusercontent.com/mozilla/pdf.js.refs/7788e398870dd21da5ae181a966c94e67ab22b38/win32/firefox/artofwar-partial/124.png
REFTEST TEST-UNEXPECTED-FAIL | firefox-artofwar-partial-page125 | image comparison (==)
REFTEST   IMAGE 1 (TEST)(816x1056x1): test_snapshots/win32/firefox/artofwar-partial/125.png
REFTEST   IMAGE 2 (REFERENCE)(816x1056x1): https://raw.githubusercontent.com/mozilla/pdf.js.refs/7788e398870dd21da5ae181a966c94e67ab22b38/win32/firefox/artofwar-partial/125.png
REFTEST TEST-UNEXPECTED-FAIL | firefox-artofwar-partial-page126 | image comparison (==)
REFTEST   IMAGE 1 (TEST)(816x1056x1): test_snapshots/win32/firefox/artofwar-partial/126.png
REFTEST   IMAGE 2 (REFERENCE)(816x1056x1): https://raw.githubusercontent.com/mozilla/pdf.js.refs/7788e398870dd21da5ae181a966c94e67ab22b38/win32/firefox/artofwar-partial/126.png
REFTEST TEST-UNEXPECTED-FAIL | firefox-artofwar-partial-page127 | image comparison (==)
REFTEST   IMAGE 1 (TEST)(816x1056x1): test_snapshots/win32/firefox/artofwar-partial/127.png
REFTEST   IMAGE 2 (REFERENCE)(816x1056x1): https://raw.githubusercontent.com/mozilla/pdf.js.refs/7788e398870dd21da5ae181a966c94e67ab22b38/win32/firefox/artofwar-partial/127.png
REFTEST TEST-UNEXPECTED-FAIL | firefox-artofwar-partial-page128 | image comparison (==)
REFTEST   IMAGE 1 (TEST)(816x1056x1): test_snapshots/win32/firefox/artofwar-partial/128.png
REFTEST   IMAGE 2 (REFERENCE)(816x1056x1): https://raw.githubusercontent.com/mozilla/pdf.js.refs/7788e398870dd21da5ae181a966c94e67ab22b38/win32/firefox/artofwar-partial/128.png
REFTEST TEST-UNEXPECTED-FAIL | firefox-artofwar-partial-page129 | image comparison (==)
REFTEST   IMAGE 1 (TEST)(816x1056x1): test_snapshots/win32/firefox/artofwar-partial/129.png
REFTEST   IMAGE 2 (REFERENCE)(816x1056x1): https://raw.githubusercontent.com/mozilla/pdf.js.refs/7788e398870dd21da5ae181a966c94e67ab22b38/win32/firefox/artofwar-partial/129.png
REFTEST TEST-UNEXPECTED-FAIL | firefox-artofwar-partial-page131 | image comparison (==)
REFTEST   IMAGE 1 (TEST)(816x1056x1): test_snapshots/win32/firefox/artofwar-partial/131.png
REFTEST   IMAGE 2 (REFERENCE)(816x1056x1): https://raw.githubusercontent.com/mozilla/pdf.js.refs/7788e398870dd21da5ae181a966c94e67ab22b38/win32/firefox/artofwar-partial/131.png
REFTEST TEST-UNEXPECTED-FAIL | firefox-artofwar-partial-page132 | image comparison (==)
REFTEST   IMAGE 1 (TEST)(816x1056x1): test_snapshots/win32/firefox/artofwar-partial/132.png
REFTEST   IMAGE 2 (REFERENCE)(816x1056x1): https://raw.githubusercontent.com/mozilla/pdf.js.refs/7788e398870dd21da5ae181a966c94e67ab22b38/win32/firefox/artofwar-partial/132.png
REFTEST TEST-UNEXPECTED-FAIL | firefox-artofwar-partial-page133 | image comparison (==)
REFTEST   IMAGE 1 (TEST)(816x1056x1): test_snapshots/win32/firefox/artofwar-partial/133.png
REFTEST   IMAGE 2 (REFERENCE)(816x1056x1): https://raw.githubusercontent.com/mozilla/pdf.js.refs/7788e398870dd21da5ae181a966c94e67ab22b38/win32/firefox/artofwar-partial/133.png
REFTEST TEST-UNEXPECTED-FAIL | firefox-artofwar-partial-page134 | image comparison (==)
REFTEST   IMAGE 1 (TEST)(816x1056x1): test_snapshots/win32/firefox/artofwar-partial/134.png
REFTEST   IMAGE 2 (REFERENCE)(816x1056x1): https://raw.githubusercontent.com/mozilla/pdf.js.refs/7788e398870dd21da5ae181a966c94e67ab22b38/win32/firefox/artofwar-partial/134.png
REFTEST TEST-UNEXPECTED-FAIL | firefox-artofwar-partial-page135 | image comparison (==)
REFTEST   IMAGE 1 (TEST)(816x1056x1): test_snapshots/win32/firefox/artofwar-partial/135.png
REFTEST   IMAGE 2 (REFERENCE)(816x1056x1): https://raw.githubusercontent.com/mozilla/pdf.js.refs/7788e398870dd21da5ae181a966c94e67ab22b38/win32/firefox/artofwar-partial/135.png
REFTEST TEST-UNEXPECTED-FAIL | firefox-artofwar-partial-page136 | image comparison (==)
REFTEST   IMAGE 1 (TEST)(816x1056x1): test_snapshots/win32/firefox/artofwar-partial/136.png
REFTEST   IMAGE 2 (REFERENCE)(816x1056x1): https://raw.githubusercontent.com/mozilla/pdf.js.refs/7788e398870dd21da5ae181a966c94e67ab22b38/win32/firefox/artofwar-partial/136.png
REFTEST TEST-UNEXPECTED-FAIL | firefox-artofwar-partial-page137 | image comparison (==)
REFTEST   IMAGE 1 (TEST)(816x1056x1): test_snapshots/win32/firefox/artofwar-partial/137.png
REFTEST   IMAGE 2 (REFERENCE)(816x1056x1): https://raw.githubusercontent.com/mozilla/pdf.js.refs/7788e398870dd21da5ae181a966c94e67ab22b38/win32/firefox/artofwar-partial/137.png
REFTEST TEST-UNEXPECTED-FAIL | firefox-artofwar-partial-page138 | image comparison (==)
REFTEST   IMAGE 1 (TEST)(816x1056x1): test_snapshots/win32/firefox/artofwar-partial/138.png
REFTEST   IMAGE 2 (REFERENCE)(816x1056x1): https://raw.githubusercontent.com/mozilla/pdf.js.refs/7788e398870dd21da5ae181a966c94e67ab22b38/win32/firefox/artofwar-partial/138.png
REFTEST TEST-UNEXPECTED-FAIL | firefox-artofwar-partial-page139 | image comparison (==)
REFTEST   IMAGE 1 (TEST)(816x1056x1): test_snapshots/win32/firefox/artofwar-partial/139.png
REFTEST   IMAGE 2 (REFERENCE)(816x1056x1): https://raw.githubusercontent.com/mozilla/pdf.js.refs/7788e398870dd21da5ae181a966c94e67ab22b38/win32/firefox/artofwar-partial/139.png
REFTEST TEST-UNEXPECTED-FAIL | firefox-artofwar-partial-page140 | image comparison (==)
REFTEST   IMAGE 1 (TEST)(816x1056x1): test_snapshots/win32/firefox/artofwar-partial/140.png
REFTEST   IMAGE 2 (REFERENCE)(816x1056x1): https://raw.githubusercontent.com/mozilla/pdf.js.refs/7788e398870dd21da5ae181a966c94e67ab22b38/win32/firefox/artofwar-partial/140.png
REFTEST TEST-UNEXPECTED-FAIL | firefox-artofwar-partial-page141 | image comparison (==)
REFTEST   IMAGE 1 (TEST)(816x1056x1): test_snapshots/win32/firefox/artofwar-partial/141.png
REFTEST   IMAGE 2 (REFERENCE)(816x1056x1): https://raw.githubusercontent.com/mozilla/pdf.js.refs/7788e398870dd21da5ae181a966c94e67ab22b38/win32/firefox/artofwar-partial/141.png
REFTEST TEST-UNEXPECTED-FAIL | firefox-artofwar-partial-page143 | image comparison (==)
REFTEST   IMAGE 1 (TEST)(816x1056x1): test_snapshots/win32/firefox/artofwar-partial/143.png
REFTEST   IMAGE 2 (REFERENCE)(816x1056x1): https://raw.githubusercontent.com/mozilla/pdf.js.refs/7788e398870dd21da5ae181a966c94e67ab22b38/win32/firefox/artofwar-partial/143.png
REFTEST TEST-UNEXPECTED-FAIL | firefox-artofwar-partial-page144 | image comparison (==)
REFTEST   IMAGE 1 (TEST)(816x1056x1): test_snapshots/win32/firefox/artofwar-partial/144.png
REFTEST   IMAGE 2 (REFERENCE)(816x1056x1): https://raw.githubusercontent.com/mozilla/pdf.js.refs/7788e398870dd21da5ae181a966c94e67ab22b38/win32/firefox/artofwar-partial/144.png
REFTEST TEST-UNEXPECTED-FAIL | firefox-artofwar-partial-page145 | image comparison (==)
REFTEST   IMAGE 1 (TEST)(816x1056x1): test_snapshots/win32/firefox/artofwar-partial/145.png
REFTEST   IMAGE 2 (REFERENCE)(816x1056x1): https://raw.githubusercontent.com/mozilla/pdf.js.refs/7788e398870dd21da5ae181a966c94e67ab22b38/win32/firefox/artofwar-partial/145.png
REFTEST TEST-UNEXPECTED-FAIL | firefox-artofwar-partial-page146 | image comparison (==)
REFTEST   IMAGE 1 (TEST)(816x1056x1): test_snapshots/win32/firefox/artofwar-partial/146.png
REFTEST   IMAGE 2 (REFERENCE)(816x1056x1): https://raw.githubusercontent.com/mozilla/pdf.js.refs/7788e398870dd21da5ae181a966c94e67ab22b38/win32/firefox/artofwar-partial/146.png
REFTEST TEST-UNEXPECTED-FAIL | firefox-artofwar-partial-page147 | image comparison (==)
REFTEST   IMAGE 1 (TEST)(816x1056x1): test_snapshots/win32/firefox/artofwar-partial/147.png
REFTEST   IMAGE 2 (REFERENCE)(816x1056x1): https://raw.githubusercontent.com/mozilla/pdf.js.refs/7788e398870dd21da5ae181a966c94e67ab22b38/win32/firefox/artofwar-partial/147.png
REFTEST TEST-UNEXPECTED-FAIL | firefox-artofwar-partial-page148 | image comparison (==)
REFTEST   IMAGE 1 (TEST)(816x1056x1): test_snapshots/win32/firefox/artofwar-partial/148.png
REFTEST   IMAGE 2 (REFERENCE)(816x1056x1): https://raw.githubusercontent.com/mozilla/pdf.js.refs/7788e398870dd21da5ae181a966c94e67ab22b38/win32/firefox/artofwar-partial/148.png
REFTEST TEST-UNEXPECTED-FAIL | firefox-artofwar-partial-page149 | image comparison (==)
REFTEST   IMAGE 1 (TEST)(816x1056x1): test_snapshots/win32/firefox/artofwar-partial/149.png
REFTEST   IMAGE 2 (REFERENCE)(816x1056x1): https://raw.githubusercontent.com/mozilla/pdf.js.refs/7788e398870dd21da5ae181a966c94e67ab22b38/win32/firefox/artofwar-partial/149.png
REFTEST TEST-UNEXPECTED-FAIL | firefox-artofwar-partial-page150 | image comparison (==)
REFTEST   IMAGE 1 (TEST)(816x1056x1): test_snapshots/win32/firefox/artofwar-partial/150.png
REFTEST   IMAGE 2 (REFERENCE)(816x1056x1): https://raw.githubusercontent.com/mozilla/pdf.js.refs/7788e398870dd21da5ae181a966c94e67ab22b38/win32/firefox/artofwar-partial/150.png
REFTEST TEST-UNEXPECTED-FAIL | firefox-artofwar-partial-page151 | image comparison (==)
REFTEST   IMAGE 1 (TEST)(816x1056x1): test_snapshots/win32/firefox/artofwar-partial/151.png
REFTEST   IMAGE 2 (REFERENCE)(816x1056x1): https://raw.githubusercontent.com/mozilla/pdf.js.refs/7788e398870dd21da5ae181a966c94e67ab22b38/win32/firefox/artofwar-partial/151.png
REFTEST TEST-UNEXPECTED-FAIL | firefox-artofwar-partial-page152 | image comparison (==)
REFTEST   IMAGE 1 (TEST)(816x1056x1): test_snapshots/win32/firefox/artofwar-partial/152.png
REFTEST   IMAGE 2 (REFERENCE)(816x1056x1): https://raw.githubusercontent.com/mozilla/pdf.js.refs/7788e398870dd21da5ae181a966c94e67ab22b38/win32/firefox/artofwar-partial/152.png
REFTEST TEST-UNEXPECTED-FAIL | firefox-artofwar-partial-page153 | image comparison (==)
REFTEST   IMAGE 1 (TEST)(816x1056x1): test_snapshots/win32/firefox/artofwar-partial/153.png
REFTEST   IMAGE 2 (REFERENCE)(816x1056x1): https://raw.githubusercontent.com/mozilla/pdf.js.refs/7788e398870dd21da5ae181a966c94e67ab22b38/win32/firefox/artofwar-partial/153.png
REFTEST TEST-UNEXPECTED-FAIL | firefox-artofwar-partial-page154 | image comparison (==)
REFTEST   IMAGE 1 (TEST)(816x1056x1): test_snapshots/win32/firefox/artofwar-partial/154.png
REFTEST   IMAGE 2 (REFERENCE)(816x1056x1): https://raw.githubusercontent.com/mozilla/pdf.js.refs/7788e398870dd21da5ae181a966c94e67ab22b38/win32/firefox/artofwar-partial/154.png
REFTEST TEST-UNEXPECTED-FAIL | firefox-artofwar-partial-page155 | image comparison (==)
REFTEST   IMAGE 1 (TEST)(816x1056x1): test_snapshots/win32/firefox/artofwar-partial/155.png
REFTEST   IMAGE 2 (REFERENCE)(816x1056x1): https://raw.githubusercontent.com/mozilla/pdf.js.refs/7788e398870dd21da5ae181a966c94e67ab22b38/win32/firefox/artofwar-partial/155.png
REFTEST TEST-UNEXPECTED-FAIL | firefox-artofwar-partial-page156 | image comparison (==)
REFTEST   IMAGE 1 (TEST)(816x1056x1): test_snapshots/win32/firefox/artofwar-partial/156.png
REFTEST   IMAGE 2 (REFERENCE)(816x1056x1): https://raw.githubusercontent.com/mozilla/pdf.js.refs/7788e398870dd21da5ae181a966c94e67ab22b38/win32/firefox/artofwar-partial/156.png
REFTEST TEST-UNEXPECTED-FAIL | firefox-artofwar-partial-page157 | image comparison (==)
REFTEST   IMAGE 1 (TEST)(816x1056x1): test_snapshots/win32/firefox/artofwar-partial/157.png
REFTEST   IMAGE 2 (REFERENCE)(816x1056x1): https://raw.githubusercontent.com/mozilla/pdf.js.refs/7788e398870dd21da5ae181a966c94e67ab22b38/win32/firefox/artofwar-partial/157.png
REFTEST TEST-UNEXPECTED-FAIL | firefox-artofwar-partial-page158 | image comparison (==)
REFTEST   IMAGE 1 (TEST)(816x1056x1): test_snapshots/win32/firefox/artofwar-partial/158.png
REFTEST   IMAGE 2 (REFERENCE)(816x1056x1): https://raw.githubusercontent.com/mozilla/pdf.js.refs/7788e398870dd21da5ae181a966c94e67ab22b38/win32/firefox/artofwar-partial/158.png
REFTEST TEST-UNEXPECTED-FAIL | firefox-artofwar-partial-page159 | image comparison (==)
REFTEST   IMAGE 1 (TEST)(816x1056x1): test_snapshots/win32/firefox/artofwar-partial/159.png
REFTEST   IMAGE 2 (REFERENCE)(816x1056x1): https://raw.githubusercontent.com/mozilla/pdf.js.refs/7788e398870dd21da5ae181a966c94e67ab22b38/win32/firefox/artofwar-partial/159.png
REFTEST TEST-UNEXPECTED-FAIL | firefox-artofwar-partial-page160 | image comparison (==)
REFTEST   IMAGE 1 (TEST)(816x1056x1): test_snapshots/win32/firefox/artofwar-partial/160.png
REFTEST   IMAGE 2 (REFERENCE)(816x1056x1): https://raw.githubusercontent.com/mozilla/pdf.js.refs/7788e398870dd21da5ae181a966c94e67ab22b38/win32/firefox/artofwar-partial/160.png
REFTEST TEST-UNEXPECTED-FAIL | firefox-xfa_bug1718735-page1 | image comparison (==)
REFTEST   IMAGE 1 (TEST)(816x1056x1): test_snapshots/win32/firefox/xfa_bug1718735/1.png
REFTEST   IMAGE 2 (REFERENCE)(816x1056x1): https://raw.githubusercontent.com/mozilla/pdf.js.refs/7788e398870dd21da5ae181a966c94e67ab22b38/win32/firefox/xfa_bug1718735/1.png
REFTEST TEST-UNEXPECTED-FAIL | firefox-xfa_bug1718735-page2 | image comparison (==)
REFTEST   IMAGE 1 (TEST)(816x1056x1): test_snapshots/win32/firefox/xfa_bug1718735/2.png
REFTEST   IMAGE 2 (REFERENCE)(816x1056x1): https://raw.githubusercontent.com/mozilla/pdf.js.refs/7788e398870dd21da5ae181a966c94e67ab22b38/win32/firefox/xfa_bug1718735/2.png
REFTEST TEST-UNEXPECTED-FAIL | firefox-xfa_bug1718735-page3 | image comparison (==)
REFTEST   IMAGE 1 (TEST)(816x1056x1): test_snapshots/win32/firefox/xfa_bug1718735/3.png
REFTEST   IMAGE 2 (REFERENCE)(816x1056x1): https://raw.githubusercontent.com/mozilla/pdf.js.refs/7788e398870dd21da5ae181a966c94e67ab22b38/win32/firefox/xfa_bug1718735/3.png
REFTEST TEST-UNEXPECTED-FAIL | firefox-xfa_bug1718735-page4 | image comparison (==)
REFTEST   IMAGE 1 (TEST)(816x1056x1): test_snapshots/win32/firefox/xfa_bug1718735/4.png
REFTEST   IMAGE 2 (REFERENCE)(816x1056x1): https://raw.githubusercontent.com/mozilla/pdf.js.refs/7788e398870dd21da5ae181a966c94e67ab22b38/win32/firefox/xfa_bug1718735/4.png
REFTEST TEST-UNEXPECTED-FAIL | firefox-xfa_bug1718735-page5 | image comparison (==)
REFTEST   IMAGE 1 (TEST)(816x1056x1): test_snapshots/win32/firefox/xfa_bug1718735/5.png
REFTEST   IMAGE 2 (REFERENCE)(816x1056x1): https://raw.githubusercontent.com/mozilla/pdf.js.refs/7788e398870dd21da5ae181a966c94e67ab22b38/win32/firefox/xfa_bug1718735/5.png
REFTEST TEST-UNEXPECTED-FAIL | firefox-xfa_bug1718735-page6 | image comparison (==)
REFTEST   IMAGE 1 (TEST)(816x1056x1): test_snapshots/win32/firefox/xfa_bug1718735/6.png
REFTEST   IMAGE 2 (REFERENCE)(816x1056x1): https://raw.githubusercontent.com/mozilla/pdf.js.refs/7788e398870dd21da5ae181a966c94e67ab22b38/win32/firefox/xfa_bug1718735/6.png
REFTEST TEST-UNEXPECTED-FAIL | firefox-xfa_bug1718735-page7 | image comparison (==)
REFTEST   IMAGE 1 (TEST)(816x1056x1): test_snapshots/win32/firefox/xfa_bug1718735/7.png
REFTEST   IMAGE 2 (REFERENCE)(816x1056x1): https://raw.githubusercontent.com/mozilla/pdf.js.refs/7788e398870dd21da5ae181a966c94e67ab22b38/win32/firefox/xfa_bug1718735/7.png
REFTEST TEST-UNEXPECTED-FAIL | firefox-xfa_bug1718735-page8 | image comparison (==)
REFTEST   IMAGE 1 (TEST)(816x1056x1): test_snapshots/win32/firefox/xfa_bug1718735/8.png
REFTEST   IMAGE 2 (REFERENCE)(816x1056x1): https://raw.githubusercontent.com/mozilla/pdf.js.refs/7788e398870dd21da5ae181a966c94e67ab22b38/win32/firefox/xfa_bug1718735/8.png
REFTEST TEST-UNEXPECTED-FAIL | firefox-xfa_bug1718735-page9 | image comparison (==)
REFTEST   IMAGE 1 (TEST)(816x1056x1): test_snapshots/win32/firefox/xfa_bug1718735/9.png
REFTEST   IMAGE 2 (REFERENCE)(816x1056x1): https://raw.githubusercontent.com/mozilla/pdf.js.refs/7788e398870dd21da5ae181a966c94e67ab22b38/win32/firefox/xfa_bug1718735/9.png
REFTEST TEST-UNEXPECTED-FAIL | firefox-xfa_bug1718735-page10 | image comparison (==)
REFTEST   IMAGE 1 (TEST)(816x1056x1): test_snapshots/win32/firefox/xfa_bug1718735/10.png
REFTEST   IMAGE 2 (REFERENCE)(816x1056x1): https://raw.githubusercontent.com/mozilla/pdf.js.refs/7788e398870dd21da5ae181a966c94e67ab22b38/win32/firefox/xfa_bug1718735/10.png
REFTEST TEST-UNEXPECTED-FAIL | firefox-issue14821-page1 | image comparison (==)
REFTEST   IMAGE 1 (TEST)(794x1123x1): test_snapshots/win32/firefox/issue14821/1.png
REFTEST   IMAGE 2 (REFERENCE)(794x1123x1): https://raw.githubusercontent.com/mozilla/pdf.js.refs/7788e398870dd21da5ae181a966c94e67ab22b38/win32/firefox/issue14821/1.png
REFTEST TEST-UNEXPECTED-FAIL | firefox-preistabelle-page1 | image comparison (==)
REFTEST   IMAGE 1 (TEST)(793x1122x1): test_snapshots/win32/firefox/preistabelle/1.png
REFTEST   IMAGE 2 (REFERENCE)(793x1122x1): https://raw.githubusercontent.com/mozilla/pdf.js.refs/7788e398870dd21da5ae181a966c94e67ab22b38/win32/firefox/preistabelle/1.png
REFTEST TEST-UNEXPECTED-FAIL | firefox-preistabelle-page2 | image comparison (==)
REFTEST   IMAGE 1 (TEST)(793x1122x1): test_snapshots/win32/firefox/preistabelle/2.png
REFTEST   IMAGE 2 (REFERENCE)(793x1122x1): https://raw.githubusercontent.com/mozilla/pdf.js.refs/7788e398870dd21da5ae181a966c94e67ab22b38/win32/firefox/preistabelle/2.png
REFTEST TEST-UNEXPECTED-FAIL | firefox-issue1466-page2 | image comparison (==)
REFTEST   IMAGE 1 (TEST)(816x1056x1): test_snapshots/win32/firefox/issue1466/2.png
REFTEST   IMAGE 2 (REFERENCE)(816x1056x1): https://raw.githubusercontent.com/mozilla/pdf.js.refs/7788e398870dd21da5ae181a966c94e67ab22b38/win32/firefox/issue1466/2.png
REFTEST TEST-UNEXPECTED-FAIL | firefox-issue1466-page3 | image comparison (==)
REFTEST   IMAGE 1 (TEST)(816x1056x1): test_snapshots/win32/firefox/issue1466/3.png
REFTEST   IMAGE 2 (REFERENCE)(816x1056x1): https://raw.githubusercontent.com/mozilla/pdf.js.refs/7788e398870dd21da5ae181a966c94e67ab22b38/win32/firefox/issue1466/3.png
REFTEST TEST-UNEXPECTED-FAIL | firefox-issue1466-page4 | image comparison (==)
REFTEST   IMAGE 1 (TEST)(816x1056x1): test_snapshots/win32/firefox/issue1466/4.png
REFTEST   IMAGE 2 (REFERENCE)(816x1056x1): https://raw.githubusercontent.com/mozilla/pdf.js.refs/7788e398870dd21da5ae181a966c94e67ab22b38/win32/firefox/issue1466/4.png
REFTEST TEST-UNEXPECTED-FAIL | firefox-issue1466-page5 | image comparison (==)
REFTEST   IMAGE 1 (TEST)(816x1056x1): test_snapshots/win32/firefox/issue1466/5.png
REFTEST   IMAGE 2 (REFERENCE)(816x1056x1): https://raw.githubusercontent.com/mozilla/pdf.js.refs/7788e398870dd21da5ae181a966c94e67ab22b38/win32/firefox/issue1466/5.png
REFTEST TEST-UNEXPECTED-FAIL | firefox-issue1466-page6 | image comparison (==)
REFTEST   IMAGE 1 (TEST)(816x1056x1): test_snapshots/win32/firefox/issue1466/6.png
REFTEST   IMAGE 2 (REFERENCE)(816x1056x1): https://raw.githubusercontent.com/mozilla/pdf.js.refs/7788e398870dd21da5ae181a966c94e67ab22b38/win32/firefox/issue1466/6.png
REFTEST TEST-UNEXPECTED-FAIL | firefox-issue1466-page7 | image comparison (==)
REFTEST   IMAGE 1 (TEST)(816x1056x1): test_snapshots/win32/firefox/issue1466/7.png
REFTEST   IMAGE 2 (REFERENCE)(816x1056x1): https://raw.githubusercontent.com/mozilla/pdf.js.refs/7788e398870dd21da5ae181a966c94e67ab22b38/win32/firefox/issue1466/7.png
REFTEST TEST-UNEXPECTED-FAIL | firefox-issue1466-page8 | image comparison (==)
REFTEST   IMAGE 1 (TEST)(816x1056x1): test_snapshots/win32/firefox/issue1466/8.png
REFTEST   IMAGE 2 (REFERENCE)(816x1056x1): https://raw.githubusercontent.com/mozilla/pdf.js.refs/7788e398870dd21da5ae181a966c94e67ab22b38/win32/firefox/issue1466/8.png
REFTEST TEST-UNEXPECTED-FAIL | firefox-issue1466-page9 | image comparison (==)
REFTEST   IMAGE 1 (TEST)(816x1056x1): test_snapshots/win32/firefox/issue1466/9.png
REFTEST   IMAGE 2 (REFERENCE)(816x1056x1): https://raw.githubusercontent.com/mozilla/pdf.js.refs/7788e398870dd21da5ae181a966c94e67ab22b38/win32/firefox/issue1466/9.png
REFTEST TEST-UNEXPECTED-FAIL | firefox-issue3064-text-page1 | image comparison (==)
REFTEST   IMAGE 1 (TEST)(793x1122x1): test_snapshots/win32/firefox/issue3064-text/1.png
REFTEST   IMAGE 2 (REFERENCE)(793x1122x1): https://raw.githubusercontent.com/mozilla/pdf.js.refs/7788e398870dd21da5ae181a966c94e67ab22b38/win32/firefox/issue3064-text/1.png
REFTEST TEST-UNEXPECTED-FAIL | firefox-issue6931-page1 | image comparison (==)
REFTEST   IMAGE 1 (TEST)(816x1056x1): test_snapshots/win32/firefox/issue6931/1.png
REFTEST   IMAGE 2 (REFERENCE)(816x1056x1): https://raw.githubusercontent.com/mozilla/pdf.js.refs/7788e398870dd21da5ae181a966c94e67ab22b38/win32/firefox/issue6931/1.png
REFTEST TEST-UNEXPECTED-FAIL | firefox-tracemonkey-text-page3 | image comparison (==)
REFTEST   IMAGE 1 (TEST)(816x1056x1): test_snapshots/win32/firefox/tracemonkey-text/3.png
REFTEST   IMAGE 2 (REFERENCE)(816x1056x1): https://raw.githubusercontent.com/mozilla/pdf.js.refs/7788e398870dd21da5ae181a966c94e67ab22b38/win32/firefox/tracemonkey-text/3.png
REFTEST TEST-UNEXPECTED-FAIL | firefox-tracemonkey-text-page9 | image comparison (==)
REFTEST   IMAGE 1 (TEST)(816x1056x1): test_snapshots/win32/firefox/tracemonkey-text/9.png
REFTEST   IMAGE 2 (REFERENCE)(816x1056x1): https://raw.githubusercontent.com/mozilla/pdf.js.refs/7788e398870dd21da5ae181a966c94e67ab22b38/win32/firefox/tracemonkey-text/9.png
REFTEST TEST-UNEXPECTED-FAIL | firefox-intelisa-partial-page22 | image comparison (==)
REFTEST   IMAGE 1 (TEST)(816x1056x1): test_snapshots/win32/firefox/intelisa-partial/22.png
REFTEST   IMAGE 2 (REFERENCE)(816x1056x1): https://raw.githubusercontent.com/mozilla/pdf.js.refs/7788e398870dd21da5ae181a966c94e67ab22b38/win32/firefox/intelisa-partial/22.png
REFTEST TEST-UNEXPECTED-FAIL | firefox-unix01-page2 | image comparison (==)
REFTEST   IMAGE 1 (TEST)(816x1056x1): test_snapshots/win32/firefox/unix01/2.png
REFTEST   IMAGE 2 (REFERENCE)(816x1056x1): https://raw.githubusercontent.com/mozilla/pdf.js.refs/7788e398870dd21da5ae181a966c94e67ab22b38/win32/firefox/unix01/2.png
REFTEST TEST-UNEXPECTED-FAIL | firefox-unix01-page3 | image comparison (==)
REFTEST   IMAGE 1 (TEST)(816x1056x1): test_snapshots/win32/firefox/unix01/3.png
REFTEST   IMAGE 2 (REFERENCE)(816x1056x1): https://raw.githubusercontent.com/mozilla/pdf.js.refs/7788e398870dd21da5ae181a966c94e67ab22b38/win32/firefox/unix01/3.png
REFTEST TEST-UNEXPECTED-FAIL | firefox-unix01-page4 | image comparison (==)
REFTEST   IMAGE 1 (TEST)(816x1056x1): test_snapshots/win32/firefox/unix01/4.png
REFTEST   IMAGE 2 (REFERENCE)(816x1056x1): https://raw.githubusercontent.com/mozilla/pdf.js.refs/7788e398870dd21da5ae181a966c94e67ab22b38/win32/firefox/unix01/4.png
REFTEST TEST-UNEXPECTED-FAIL | firefox-unix01-page5 | image comparison (==)
REFTEST   IMAGE 1 (TEST)(816x1056x1): test_snapshots/win32/firefox/unix01/5.png
REFTEST   IMAGE 2 (REFERENCE)(816x1056x1): https://raw.githubusercontent.com/mozilla/pdf.js.refs/7788e398870dd21da5ae181a966c94e67ab22b38/win32/firefox/unix01/5.png
REFTEST TEST-UNEXPECTED-FAIL | firefox-unix01-page7 | image comparison (==)
REFTEST   IMAGE 1 (TEST)(816x1056x1): test_snapshots/win32/firefox/unix01/7.png
REFTEST   IMAGE 2 (REFERENCE)(816x1056x1): https://raw.githubusercontent.com/mozilla/pdf.js.refs/7788e398870dd21da5ae181a966c94e67ab22b38/win32/firefox/unix01/7.png
REFTEST TEST-UNEXPECTED-FAIL | firefox-unix01-page8 | image comparison (==)
REFTEST   IMAGE 1 (TEST)(816x1056x1): test_snapshots/win32/firefox/unix01/8.png
REFTEST   IMAGE 2 (REFERENCE)(816x1056x1): https://raw.githubusercontent.com/mozilla/pdf.js.refs/7788e398870dd21da5ae181a966c94e67ab22b38/win32/firefox/unix01/8.png
REFTEST TEST-UNEXPECTED-FAIL | firefox-unix01-page9 | image comparison (==)
REFTEST   IMAGE 1 (TEST)(816x1056x1): test_snapshots/win32/firefox/unix01/9.png
REFTEST   IMAGE 2 (REFERENCE)(816x1056x1): https://raw.githubusercontent.com/mozilla/pdf.js.refs/7788e398870dd21da5ae181a966c94e67ab22b38/win32/firefox/unix01/9.png
REFTEST TEST-UNEXPECTED-FAIL | firefox-unix01-page10 | image comparison (==)
REFTEST   IMAGE 1 (TEST)(816x1056x1): test_snapshots/win32/firefox/unix01/10.png
REFTEST   IMAGE 2 (REFERENCE)(816x1056x1): https://raw.githubusercontent.com/mozilla/pdf.js.refs/7788e398870dd21da5ae181a966c94e67ab22b38/win32/firefox/unix01/10.png
REFTEST TEST-UNEXPECTED-FAIL | firefox-unix01-page11 | image comparison (==)
REFTEST   IMAGE 1 (TEST)(816x1056x1): test_snapshots/win32/firefox/unix01/11.png
REFTEST   IMAGE 2 (REFERENCE)(816x1056x1): https://raw.githubusercontent.com/mozilla/pdf.js.refs/7788e398870dd21da5ae181a966c94e67ab22b38/win32/firefox/unix01/11.png
REFTEST TEST-UNEXPECTED-FAIL | firefox-unix01-page12 | image comparison (==)
REFTEST   IMAGE 1 (TEST)(816x1056x1): test_snapshots/win32/firefox/unix01/12.png
REFTEST   IMAGE 2 (REFERENCE)(816x1056x1): https://raw.githubusercontent.com/mozilla/pdf.js.refs/7788e398870dd21da5ae181a966c94e67ab22b38/win32/firefox/unix01/12.png
REFTEST TEST-UNEXPECTED-FAIL | firefox-unix01-page13 | image comparison (==)
REFTEST   IMAGE 1 (TEST)(816x1056x1): test_snapshots/win32/firefox/unix01/13.png
REFTEST   IMAGE 2 (REFERENCE)(816x1056x1): https://raw.githubusercontent.com/mozilla/pdf.js.refs/7788e398870dd21da5ae181a966c94e67ab22b38/win32/firefox/unix01/13.png
REFTEST TEST-UNEXPECTED-FAIL | firefox-unix01-page14 | image comparison (==)
REFTEST   IMAGE 1 (TEST)(816x1056x1): test_snapshots/win32/firefox/unix01/14.png
REFTEST   IMAGE 2 (REFERENCE)(816x1056x1): https://raw.githubusercontent.com/mozilla/pdf.js.refs/7788e398870dd21da5ae181a966c94e67ab22b38/win32/firefox/unix01/14.png
REFTEST TEST-UNEXPECTED-FAIL | firefox-unix01-page15 | image comparison (==)
REFTEST   IMAGE 1 (TEST)(816x1056x1): test_snapshots/win32/firefox/unix01/15.png
REFTEST   IMAGE 2 (REFERENCE)(816x1056x1): https://raw.githubusercontent.com/mozilla/pdf.js.refs/7788e398870dd21da5ae181a966c94e67ab22b38/win32/firefox/unix01/15.png
REFTEST TEST-UNEXPECTED-FAIL | firefox-unix01-page16 | image comparison (==)
REFTEST   IMAGE 1 (TEST)(816x1056x1): test_snapshots/win32/firefox/unix01/16.png
REFTEST   IMAGE 2 (REFERENCE)(816x1056x1): https://raw.githubusercontent.com/mozilla/pdf.js.refs/7788e398870dd21da5ae181a966c94e67ab22b38/win32/firefox/unix01/16.png
REFTEST TEST-UNEXPECTED-FAIL | firefox-unix01-page17 | image comparison (==)
REFTEST   IMAGE 1 (TEST)(816x1056x1): test_snapshots/win32/firefox/unix01/17.png
REFTEST   IMAGE 2 (REFERENCE)(816x1056x1): https://raw.githubusercontent.com/mozilla/pdf.js.refs/7788e398870dd21da5ae181a966c94e67ab22b38/win32/firefox/unix01/17.png
REFTEST TEST-UNEXPECTED-FAIL | firefox-unix01-page18 | image comparison (==)
REFTEST   IMAGE 1 (TEST)(816x1056x1): test_snapshots/win32/firefox/unix01/18.png
REFTEST   IMAGE 2 (REFERENCE)(816x1056x1): https://raw.githubusercontent.com/mozilla/pdf.js.refs/7788e398870dd21da5ae181a966c94e67ab22b38/win32/firefox/unix01/18.png
REFTEST TEST-UNEXPECTED-FAIL | firefox-unix01-page19 | image comparison (==)
REFTEST   IMAGE 1 (TEST)(816x1056x1): test_snapshots/win32/firefox/unix01/19.png
REFTEST   IMAGE 2 (REFERENCE)(816x1056x1): https://raw.githubusercontent.com/mozilla/pdf.js.refs/7788e398870dd21da5ae181a966c94e67ab22b38/win32/firefox/unix01/19.png
REFTEST TEST-UNEXPECTED-FAIL | firefox-unix01-page20 | image comparison (==)
REFTEST   IMAGE 1 (TEST)(816x1056x1): test_snapshots/win32/firefox/unix01/20.png
REFTEST   IMAGE 2 (REFERENCE)(816x1056x1): https://raw.githubusercontent.com/mozilla/pdf.js.refs/7788e398870dd21da5ae181a966c94e67ab22b38/win32/firefox/unix01/20.png
REFTEST TEST-UNEXPECTED-FAIL | firefox-unix01-page21 | image comparison (==)
REFTEST   IMAGE 1 (TEST)(816x1056x1): test_snapshots/win32/firefox/unix01/21.png
REFTEST   IMAGE 2 (REFERENCE)(816x1056x1): https://raw.githubusercontent.com/mozilla/pdf.js.refs/7788e398870dd21da5ae181a966c94e67ab22b38/win32/firefox/unix01/21.png
REFTEST TEST-UNEXPECTED-FAIL | firefox-unix01-page22 | image comparison (==)
REFTEST   IMAGE 1 (TEST)(816x1056x1): test_snapshots/win32/firefox/unix01/22.png
REFTEST   IMAGE 2 (REFERENCE)(816x1056x1): https://raw.githubusercontent.com/mozilla/pdf.js.refs/7788e398870dd21da5ae181a966c94e67ab22b38/win32/firefox/unix01/22.png
REFTEST TEST-UNEXPECTED-FAIL | firefox-unix01-page23 | image comparison (==)
REFTEST   IMAGE 1 (TEST)(816x1056x1): test_snapshots/win32/firefox/unix01/23.png
REFTEST   IMAGE 2 (REFERENCE)(816x1056x1): https://raw.githubusercontent.com/mozilla/pdf.js.refs/7788e398870dd21da5ae181a966c94e67ab22b38/win32/firefox/unix01/23.png
REFTEST TEST-UNEXPECTED-FAIL | firefox-unix01-page24 | image comparison (==)
REFTEST   IMAGE 1 (TEST)(816x1056x1): test_snapshots/win32/firefox/unix01/24.png
REFTEST   IMAGE 2 (REFERENCE)(816x1056x1): https://raw.githubusercontent.com/mozilla/pdf.js.refs/7788e398870dd21da5ae181a966c94e67ab22b38/win32/firefox/unix01/24.png
REFTEST TEST-UNEXPECTED-FAIL | firefox-unix01-page25 | image comparison (==)
REFTEST   IMAGE 1 (TEST)(816x1056x1): test_snapshots/win32/firefox/unix01/25.png
REFTEST   IMAGE 2 (REFERENCE)(816x1056x1): https://raw.githubusercontent.com/mozilla/pdf.js.refs/7788e398870dd21da5ae181a966c94e67ab22b38/win32/firefox/unix01/25.png
REFTEST TEST-UNEXPECTED-FAIL | firefox-unix01-page26 | image comparison (==)
REFTEST   IMAGE 1 (TEST)(816x1056x1): test_snapshots/win32/firefox/unix01/26.png
REFTEST   IMAGE 2 (REFERENCE)(816x1056x1): https://raw.githubusercontent.com/mozilla/pdf.js.refs/7788e398870dd21da5ae181a966c94e67ab22b38/win32/firefox/unix01/26.png
REFTEST TEST-UNEXPECTED-FAIL | firefox-unix01-page27 | image comparison (==)
REFTEST   IMAGE 1 (TEST)(816x1056x1): test_snapshots/win32/firefox/unix01/27.png
REFTEST   IMAGE 2 (REFERENCE)(816x1056x1): https://raw.githubusercontent.com/mozilla/pdf.js.refs/7788e398870dd21da5ae181a966c94e67ab22b38/win32/firefox/unix01/27.png
REFTEST TEST-UNEXPECTED-FAIL | firefox-unix01-page28 | image comparison (==)
REFTEST   IMAGE 1 (TEST)(816x1056x1): test_snapshots/win32/firefox/unix01/28.png
REFTEST   IMAGE 2 (REFERENCE)(816x1056x1): https://raw.githubusercontent.com/mozilla/pdf.js.refs/7788e398870dd21da5ae181a966c94e67ab22b38/win32/firefox/unix01/28.png
REFTEST TEST-UNEXPECTED-FAIL | firefox-unix01-page29 | image comparison (==)
REFTEST   IMAGE 1 (TEST)(816x1056x1): test_snapshots/win32/firefox/unix01/29.png
REFTEST   IMAGE 2 (REFERENCE)(816x1056x1): https://raw.githubusercontent.com/mozilla/pdf.js.refs/7788e398870dd21da5ae181a966c94e67ab22b38/win32/firefox/unix01/29.png
REFTEST TEST-UNEXPECTED-FAIL | firefox-unix01-page30 | image comparison (==)
REFTEST   IMAGE 1 (TEST)(816x1056x1): test_snapshots/win32/firefox/unix01/30.png
REFTEST   IMAGE 2 (REFERENCE)(816x1056x1): https://raw.githubusercontent.com/mozilla/pdf.js.refs/7788e398870dd21da5ae181a966c94e67ab22b38/win32/firefox/unix01/30.png
REFTEST TEST-UNEXPECTED-FAIL | firefox-unix01-page31 | image comparison (==)
REFTEST   IMAGE 1 (TEST)(816x1056x1): test_snapshots/win32/firefox/unix01/31.png
REFTEST   IMAGE 2 (REFERENCE)(816x1056x1): https://raw.githubusercontent.com/mozilla/pdf.js.refs/7788e398870dd21da5ae181a966c94e67ab22b38/win32/firefox/unix01/31.png
REFTEST TEST-UNEXPECTED-FAIL | firefox-issue18941-page1 | image comparison (==)
REFTEST   IMAGE 1 (TEST)(816x1054x1): test_snapshots/win32/firefox/issue18941/1.png
REFTEST   IMAGE 2 (REFERENCE)(816x1054x1): https://raw.githubusercontent.com/mozilla/pdf.js.refs/7788e398870dd21da5ae181a966c94e67ab22b38/win32/firefox/issue18941/1.png
REFTEST TEST-UNEXPECTED-FAIL | firefox-bug1219400-page1 | image comparison (==)
REFTEST   IMAGE 1 (TEST)(816x1056x1): test_snapshots/win32/firefox/bug1219400/1.png
REFTEST   IMAGE 2 (REFERENCE)(816x1056x1): https://raw.githubusercontent.com/mozilla/pdf.js.refs/7788e398870dd21da5ae181a966c94e67ab22b38/win32/firefox/bug1219400/1.png
REFTEST TEST-UNEXPECTED-FAIL | firefox-mixedfonts-page1 | image comparison (==)
REFTEST   IMAGE 1 (TEST)(793x1122x1): test_snapshots/win32/firefox/mixedfonts/1.png
REFTEST   IMAGE 2 (REFERENCE)(793x1122x1): https://raw.githubusercontent.com/mozilla/pdf.js.refs/7788e398870dd21da5ae181a966c94e67ab22b38/win32/firefox/mixedfonts/1.png
REFTEST TEST-UNEXPECTED-FAIL | firefox-issue1466-partial-page2 | image comparison (==)
REFTEST   IMAGE 1 (TEST)(816x1056x1): test_snapshots/win32/firefox/issue1466-partial/2.png
REFTEST   IMAGE 2 (REFERENCE)(816x1056x1): https://raw.githubusercontent.com/mozilla/pdf.js.refs/7788e398870dd21da5ae181a966c94e67ab22b38/win32/firefox/issue1466-partial/2.png
REFTEST TEST-UNEXPECTED-FAIL | firefox-issue6931-disable-isOffscreenCanvasSupported-page1 | image comparison (==)
REFTEST   IMAGE 1 (TEST)(816x1056x1): test_snapshots/win32/firefox/issue6931-disable-isOffscreenCanvasSupported/1.png
REFTEST   IMAGE 2 (REFERENCE)(816x1056x1): https://raw.githubusercontent.com/mozilla/pdf.js.refs/7788e398870dd21da5ae181a966c94e67ab22b38/win32/firefox/issue6931-disable-isOffscreenCanvasSupported/1.png
REFTEST TEST-UNEXPECTED-FAIL | firefox-ascii_print_textfields-page1 | image comparison (==)
REFTEST   IMAGE 1 (TEST)(816x1056x1): test_snapshots/win32/firefox/ascii_print_textfields/1.png
REFTEST   IMAGE 2 (REFERENCE)(816x1056x1): https://raw.githubusercontent.com/mozilla/pdf.js.refs/7788e398870dd21da5ae181a966c94e67ab22b38/win32/firefox/ascii_print_textfields/1.png
REFTEST TEST-UNEXPECTED-FAIL | firefox-issue13447-eq-page1 | image comparison (==)
REFTEST   IMAGE 1 (TEST)(816x1056x1): test_snapshots/win32/firefox/issue13447-eq/1.png
REFTEST   IMAGE 2 (REFERENCE)(816x1056x1): https://raw.githubusercontent.com/mozilla/pdf.js.refs/7788e398870dd21da5ae181a966c94e67ab22b38/win32/firefox/issue13447-eq/1.png
REFTEST TEST-UNEXPECTED-FAIL | firefox-bug931481-page1 | image comparison (==)
REFTEST   IMAGE 1 (TEST)(793x1122x1): test_snapshots/win32/firefox/bug931481/1.png
REFTEST   IMAGE 2 (REFERENCE)(793x1122x1): https://raw.githubusercontent.com/mozilla/pdf.js.refs/7788e398870dd21da5ae181a966c94e67ab22b38/win32/firefox/bug931481/1.png
REFTEST TEST-UNEXPECTED-FAIL | firefox-bug1443140-page4 | image comparison (==)
REFTEST   IMAGE 1 (TEST)(816x1056x1): test_snapshots/win32/firefox/bug1443140/4.png
REFTEST   IMAGE 2 (REFERENCE)(816x1056x1): https://raw.githubusercontent.com/mozilla/pdf.js.refs/7788e398870dd21da5ae181a966c94e67ab22b38/win32/firefox/bug1443140/4.png
REFTEST TEST-UNEXPECTED-FAIL | firefox-unix01-partial-page8 | image comparison (==)
REFTEST   IMAGE 1 (TEST)(816x1056x1): test_snapshots/win32/firefox/unix01-partial/8.png
REFTEST   IMAGE 2 (REFERENCE)(816x1056x1): https://raw.githubusercontent.com/mozilla/pdf.js.refs/7788e398870dd21da5ae181a966c94e67ab22b38/win32/firefox/unix01-partial/8.png
REFTEST TEST-UNEXPECTED-FAIL | firefox-unix01-partial-page9 | image comparison (==)
REFTEST   IMAGE 1 (TEST)(816x1056x1): test_snapshots/win32/firefox/unix01-partial/9.png
REFTEST   IMAGE 2 (REFERENCE)(816x1056x1): https://raw.githubusercontent.com/mozilla/pdf.js.refs/7788e398870dd21da5ae181a966c94e67ab22b38/win32/firefox/unix01-partial/9.png
REFTEST TEST-UNEXPECTED-FAIL | firefox-unix01-partial-page12 | image comparison (==)
REFTEST   IMAGE 1 (TEST)(816x1056x1): test_snapshots/win32/firefox/unix01-partial/12.png
REFTEST   IMAGE 2 (REFERENCE)(816x1056x1): https://raw.githubusercontent.com/mozilla/pdf.js.refs/7788e398870dd21da5ae181a966c94e67ab22b38/win32/firefox/unix01-partial/12.png
REFTEST TEST-UNEXPECTED-FAIL | firefox-unix01-partial-page18 | image comparison (==)
REFTEST   IMAGE 1 (TEST)(816x1056x1): test_snapshots/win32/firefox/unix01-partial/18.png
REFTEST   IMAGE 2 (REFERENCE)(816x1056x1): https://raw.githubusercontent.com/mozilla/pdf.js.refs/7788e398870dd21da5ae181a966c94e67ab22b38/win32/firefox/unix01-partial/18.png
REFTEST TEST-UNEXPECTED-FAIL | firefox-unix01-partial-page20 | image comparison (==)
REFTEST   IMAGE 1 (TEST)(816x1056x1): test_snapshots/win32/firefox/unix01-partial/20.png
REFTEST   IMAGE 2 (REFERENCE)(816x1056x1): https://raw.githubusercontent.com/mozilla/pdf.js.refs/7788e398870dd21da5ae181a966c94e67ab22b38/win32/firefox/unix01-partial/20.png
REFTEST TEST-UNEXPECTED-FAIL | firefox-unix01-partial-page27 | image comparison (==)
REFTEST   IMAGE 1 (TEST)(816x1056x1): test_snapshots/win32/firefox/unix01-partial/27.png
REFTEST   IMAGE 2 (REFERENCE)(816x1056x1): https://raw.githubusercontent.com/mozilla/pdf.js.refs/7788e398870dd21da5ae181a966c94e67ab22b38/win32/firefox/unix01-partial/27.png
REFTEST TEST-UNEXPECTED-FAIL | firefox-fips197-page13 | image comparison (==)
REFTEST   IMAGE 1 (TEST)(816x1056x1): test_snapshots/win32/firefox/fips197/13.png
REFTEST   IMAGE 2 (REFERENCE)(816x1056x1): https://raw.githubusercontent.com/mozilla/pdf.js.refs/7788e398870dd21da5ae181a966c94e67ab22b38/win32/firefox/fips197/13.png
REFTEST TEST-UNEXPECTED-FAIL | firefox-fips197-page18 | image comparison (==)
REFTEST   IMAGE 1 (TEST)(816x1056x1): test_snapshots/win32/firefox/fips197/18.png
REFTEST   IMAGE 2 (REFERENCE)(816x1056x1): https://raw.githubusercontent.com/mozilla/pdf.js.refs/7788e398870dd21da5ae181a966c94e67ab22b38/win32/firefox/fips197/18.png
REFTEST TEST-UNEXPECTED-FAIL | firefox-fips197-page23 | image comparison (==)
REFTEST   IMAGE 1 (TEST)(816x1056x1): test_snapshots/win32/firefox/fips197/23.png
REFTEST   IMAGE 2 (REFERENCE)(816x1056x1): https://raw.githubusercontent.com/mozilla/pdf.js.refs/7788e398870dd21da5ae181a966c94e67ab22b38/win32/firefox/fips197/23.png
REFTEST TEST-UNEXPECTED-FAIL | firefox-fips197-page25 | image comparison (==)
REFTEST   IMAGE 1 (TEST)(816x1056x1): test_snapshots/win32/firefox/fips197/25.png
REFTEST   IMAGE 2 (REFERENCE)(816x1056x1): https://raw.githubusercontent.com/mozilla/pdf.js.refs/7788e398870dd21da5ae181a966c94e67ab22b38/win32/firefox/fips197/25.png
REFTEST TEST-UNEXPECTED-FAIL | firefox-fips197-page27 | image comparison (==)
REFTEST   IMAGE 1 (TEST)(816x1056x1): test_snapshots/win32/firefox/fips197/27.png
REFTEST   IMAGE 2 (REFERENCE)(816x1056x1): https://raw.githubusercontent.com/mozilla/pdf.js.refs/7788e398870dd21da5ae181a966c94e67ab22b38/win32/firefox/fips197/27.png
REFTEST TEST-UNEXPECTED-FAIL | firefox-fips197-page28 | image comparison (==)
REFTEST   IMAGE 1 (TEST)(816x1056x1): test_snapshots/win32/firefox/fips197/28.png
REFTEST   IMAGE 2 (REFERENCE)(816x1056x1): https://raw.githubusercontent.com/mozilla/pdf.js.refs/7788e398870dd21da5ae181a966c94e67ab22b38/win32/firefox/fips197/28.png
REFTEST TEST-UNEXPECTED-FAIL | firefox-fips197-page39 | image comparison (==)
REFTEST   IMAGE 1 (TEST)(816x1056x1): test_snapshots/win32/firefox/fips197/39.png
REFTEST   IMAGE 2 (REFERENCE)(816x1056x1): https://raw.githubusercontent.com/mozilla/pdf.js.refs/7788e398870dd21da5ae181a966c94e67ab22b38/win32/firefox/fips197/39.png
REFTEST TEST-UNEXPECTED-FAIL | firefox-fips197-page51 | image comparison (==)
REFTEST   IMAGE 1 (TEST)(816x1056x1): test_snapshots/win32/firefox/fips197/51.png
REFTEST   IMAGE 2 (REFERENCE)(816x1056x1): https://raw.githubusercontent.com/mozilla/pdf.js.refs/7788e398870dd21da5ae181a966c94e67ab22b38/win32/firefox/fips197/51.png
REFTEST TEST-UNEXPECTED-FAIL | firefox-issue9367-page1 | image comparison (==)
REFTEST   IMAGE 1 (TEST)(793x1122x1): test_snapshots/win32/firefox/issue9367/1.png
REFTEST   IMAGE 2 (REFERENCE)(793x1122x1): https://raw.githubusercontent.com/mozilla/pdf.js.refs/7788e398870dd21da5ae181a966c94e67ab22b38/win32/firefox/issue9367/1.png
REFTEST TEST-UNEXPECTED-FAIL | firefox-issue15262-page1 | image comparison (==)
REFTEST   IMAGE 1 (TEST)(793x1122x1): test_snapshots/win32/firefox/issue15262/1.png
REFTEST   IMAGE 2 (REFERENCE)(793x1122x1): https://raw.githubusercontent.com/mozilla/pdf.js.refs/7788e398870dd21da5ae181a966c94e67ab22b38/win32/firefox/issue15262/1.png
REFTEST TEST-UNEXPECTED-FAIL | firefox-blendmode-page1 | image comparison (==)
REFTEST   IMAGE 1 (TEST)(793x1122x1): test_snapshots/win32/firefox/blendmode/1.png
REFTEST   IMAGE 2 (REFERENCE)(793x1122x1): https://raw.githubusercontent.com/mozilla/pdf.js.refs/7788e398870dd21da5ae181a966c94e67ab22b38/win32/firefox/blendmode/1.png
REFTEST TEST-UNEXPECTED-FAIL | firefox-issue2770-page1 | image comparison (==)
REFTEST   IMAGE 1 (TEST)(816x1056x1): test_snapshots/win32/firefox/issue2770/1.png
REFTEST   IMAGE 2 (REFERENCE)(816x1056x1): https://raw.githubusercontent.com/mozilla/pdf.js.refs/7788e398870dd21da5ae181a966c94e67ab22b38/win32/firefox/issue2770/1.png
REFTEST TEST-UNEXPECTED-FAIL | firefox-issue4926-page1 | image comparison (==)
REFTEST   IMAGE 1 (TEST)(816x1056x1): test_snapshots/win32/firefox/issue4926/1.png
REFTEST   IMAGE 2 (REFERENCE)(816x1056x1): https://raw.githubusercontent.com/mozilla/pdf.js.refs/7788e398870dd21da5ae181a966c94e67ab22b38/win32/firefox/issue4926/1.png
REFTEST TEST-UNEXPECTED-FAIL | firefox-issue4926-page3 | image comparison (==)
REFTEST   IMAGE 1 (TEST)(816x1056x1): test_snapshots/win32/firefox/issue4926/3.png
REFTEST   IMAGE 2 (REFERENCE)(816x1056x1): https://raw.githubusercontent.com/mozilla/pdf.js.refs/7788e398870dd21da5ae181a966c94e67ab22b38/win32/firefox/issue4926/3.png
REFTEST TEST-UNEXPECTED-FAIL | firefox-issue20302-save-print-page1 | image comparison (==)
REFTEST   IMAGE 1 (TEST)(816x1056x1): test_snapshots/win32/firefox/issue20302-save-print/1.png
REFTEST   IMAGE 2 (REFERENCE)(816x1056x1): https://raw.githubusercontent.com/mozilla/pdf.js.refs/7788e398870dd21da5ae181a966c94e67ab22b38/win32/firefox/issue20302-save-print/1.png
